ARM Linker, 5.03 [Build 76] [MDK-ARM Lite]

==============================================================================

Section Cross References

    main.o(i.CKCU_Configuration) refers to ht32f1655_56_ckcu.o(i.CKCU_PeripClockConfig) for CKCU_PeripClockConfig
    main.o(i.EXTI_Config) refers to ht32f1655_56_gpio.o(i.GPIO_PullResistorConfig) for GPIO_PullResistorConfig
    main.o(i.EXTI_Config) refers to ht32f1655_56_gpio.o(i.AFIO_GPxConfig) for AFIO_GPxConfig
    main.o(i.EXTI_Config) refers to ht32f1655_56_gpio.o(i.GPIO_DirectionConfig) for GPIO_DirectionConfig
    main.o(i.EXTI_Config) refers to ht32f1655_56_gpio.o(i.GPIO_InputConfig) for GPIO_InputConfig
    main.o(i.EXTI_Config) refers to ht32f1655_56_exti.o(i.EXTI_Init) for EXTI_Init
    main.o(i.EXTI_Config) refers to ht32f1655_56_gpio.o(i.AFIO_EXTISourceConfig) for AFIO_EXTISourceConfig
    main.o(i.EXTI_Config) refers to ht32f1655_56_exti.o(i.EXTI_IntConfig) for EXTI_IntConfig
    main.o(i.EXTI_Config) refers to main.o(i.NVIC_EnableIRQ) for NVIC_EnableIRQ
    main.o(i.Modules_Init) refers to spi-wifi.o(i.Wifi_Init) for Wifi_Init
    main.o(i.Modules_Init) refers to gy-mcu90615.o(i.Temperature_Init) for Temperature_Init
    main.o(i.Modules_Init) refers to cry-voice.o(i.Voice_Init) for Voice_Init
    main.o(i.Modules_Init) refers to risym-mp3.o(i.Music_Init) for Music_Init
    main.o(i.Modules_Init) refers to fan.o(i.Fan_Init) for Fan_Init
    main.o(i.Modules_Init) refers to piss.o(i.Piss_Init) for Piss_Init
    main.o(i.Modules_Init) refers to quit.o(i.Quilt_Init) for Quilt_Init
    main.o(i.Modules_Init) refers to rock.o(i.Rock_Init) for Rock_Init
    main.o(i.Modules_Init) refers to onbed.o(i.Onbed_Init) for Onbed_Init
    main.o(i.Modules_Init) refers to system.o(i.system_Init) for system_Init
    main.o(i.Modules_Init) refers to bed_client.o(i.client_Init) for client_Init
    main.o(i.NVIC_Configuration) refers to ht32_cm3_misc.o(i.NVIC_SetVectorTable) for NVIC_SetVectorTable
    main.o(i.main) refers to os_core.o(i.OSInit) for OSInit
    main.o(i.main) refers to main.o(i.CKCU_Configuration) for CKCU_Configuration
    main.o(i.main) refers to main.o(i.NVIC_Configuration) for NVIC_Configuration
    main.o(i.main) refers to main.o(i.EXTI_Config) for EXTI_Config
    main.o(i.main) refers to led.o(i.led_init) for led_init
    main.o(i.main) refers to uart1.o(i.uart1_init) for uart1_init
    main.o(i.main) refers to sem.o(i.task_sem_init) for task_sem_init
    main.o(i.main) refers to main.o(i.Modules_Init) for Modules_Init
    main.o(i.main) refers to os_task.o(i.OSTaskCreate) for OSTaskCreate
    main.o(i.main) refers to printf8.o(i.__0printf$8) for __2printf
    main.o(i.main) refers to os_core.o(i.OSStart) for OSStart
    main.o(i.main) refers to main.o(.bss) for .bss
    main.o(i.main) refers to main.o(i.startup_task) for startup_task
    main.o(i.startup_task) refers to ht32_cm3_misc.o(i.SYSTICK_ClockSourceConfig) for SYSTICK_ClockSourceConfig
    main.o(i.startup_task) refers to ht32_cm3_misc.o(i.SYSTICK_SetReloadValue) for SYSTICK_SetReloadValue
    main.o(i.startup_task) refers to ht32_cm3_misc.o(i.SYSTICK_IntConfig) for SYSTICK_IntConfig
    main.o(i.startup_task) refers to ht32_cm3_misc.o(i.SYSTICK_CounterCmd) for SYSTICK_CounterCmd
    main.o(i.startup_task) refers to os_task.o(i.OSTaskCreate) for OSTaskCreate
    main.o(i.startup_task) refers to os_task.o(i.OSTaskDel) for OSTaskDel
    main.o(i.startup_task) refers to main.o(.bss) for .bss
    main.o(i.startup_task) refers to tasks.o(i.Task_DealData) for Task_DealData
    main.o(i.startup_task) refers to tasks.o(i.Task_RecvData) for Task_RecvData
    main.o(i.startup_task) refers to tasks.o(i.Task_DealRock) for Task_DealRock
    main.o(i.system_Reset) refers to spi-wifi.o(i.Wifi_ForceReset) for Wifi_ForceReset
    main.o(i.system_Reset) refers to delay.o(i.delay_ms) for delay_ms
    main.o(i.system_Reset) refers to spi-wifi.o(i.Wifi_Connect) for Wifi_Connect
    main.o(i.system_Reset) refers to printf8.o(i.__0printf$8) for __2printf
    ht32f165x_it.o(i.EXTI0_IRQHandler) refers to ht32f1655_56_exti.o(i.EXTI_ClearEdgeFlag) for EXTI_ClearEdgeFlag
    ht32f165x_it.o(i.EXTI0_IRQHandler) refers to sem.o(i.setReadStatu) for setReadStatu
    ht32f165x_it.o(i.EXTI1_IRQHandler) refers to ht32f1655_56_exti.o(i.EXTI_ClearEdgeFlag) for EXTI_ClearEdgeFlag
    ht32f165x_it.o(i.EXTI1_IRQHandler) refers to sem.o(i.setReadStatu) for setReadStatu
    ht32f165x_it.o(i.SysTick_Handler) refers to os_core.o(i.OSIntEnter) for OSIntEnter
    ht32f165x_it.o(i.SysTick_Handler) refers to os_core.o(i.OSTimeTick) for OSTimeTick
    ht32f165x_it.o(i.SysTick_Handler) refers to os_core.o(i.OSIntExit) for OSIntExit
    led.o(i.led_all_off) refers to led.o(i.led_off) for led_off
    led.o(i.led_init) refers to ht32_board.o(i.HT32F_DVB_LEDInit) for HT32F_DVB_LEDInit
    led.o(i.led_off) refers to ht32_board.o(i.HT32F_DVB_LEDOff) for HT32F_DVB_LEDOff
[...]
    i.delay_ms                               0x00003e66   Section        0  delay.o(i.delay_ms)
    i.delay_us                               0x00003e6c   Section        0  delay.o(i.delay_us)
    i.diff_temp                              0x00003e80   Section        0  gy-mcu90615.o(i.diff_temp)
    i.fputc                                  0x00003e90   Section        0  uart1.o(i.fputc)
    i.getReadStatu                           0x00003ea4   Section        0  sem.o(i.getReadStatu)
    i.get_RecDataLen                         0x00003ec0   Section        0  my_spi_wifi_api.o(i.get_RecDataLen)
    i.get_RecvBuff                           0x00003eec   Section        0  sem.o(i.get_RecvBuff)
    i.get_WifiStatu                          0x00003f08   Section        0  my_spi_wifi_api.o(i.get_WifiStatu)
    i.get_WlanSem                            0x00003f34   Section        0  sem.o(i.get_WlanSem)
    i.get_command_from_server                0x00003f40   Section        0  bed_client.o(i.get_command_from_server)
    i.get_data_packet                        0x00003f5c   Section        0  bed_client.o(i.get_data_packet)
    i.get_mac                                0x00003f60   Section        0  bed_client.o(i.get_mac)
    i.is_legal                               0x00003f7c   Section        0  gy-mcu90615.o(i.is_legal)
    i.is_onbed                               0x00003fb8   Section        0  gy-mcu90615.o(i.is_onbed)
    i.led_init                               0x00003fd4   Section        0  led.o(i.led_init)
    i.led_off                                0x00003fe6   Section        0  led.o(i.led_off)
    i.led_on                                 0x00003ffa   Section        0  led.o(i.led_on)
    i.lock_sem                               0x0000400e   Section        0  sem.o(i.lock_sem)
    i.main                                   0x00004038   Section        0  main.o(i.main)
    i.music_pause                            0x00004088   Section        0  risym-mp3.o(i.music_pause)
    music_pause                              0x00004089   Thumb Code    38  risym-mp3.o(i.music_pause)
    i.put_RecvBuff                           0x000040b4   Section        0  sem.o(i.put_RecvBuff)
    i.put_WlanSem                            0x000040d0   Section        0  sem.o(i.put_WlanSem)
    i.read                                   0x000040dc   Section        0  system.o(i.read)
    i.read_Data                              0x000040e4   Section        0  my_spi_wifi_api.o(i.read_Data)
    i.read_data                              0x0000413e   Section        0  uart1.o(i.read_data)
    i.read_temperature                       0x00004170   Section        0  gy-mcu90615.o(i.read_temperature)
    read_temperature                         0x00004171   Thumb Code   220  gy-mcu90615.o(i.read_temperature)
    i.refresh_BuffState                      0x00004258   Section        0  system.o(i.refresh_BuffState)
    i.run_led                                0x0000427c   Section        0  sem.o(i.run_led)
    i.send                                   0x000042b0   Section        0  system.o(i.send)
    i.send_bed_data                          0x000042b6   Section        0  bed_client.o(i.send_bed_data)
    i.send_command_to_server                 0x000042d8   Section        0  bed_client.o(i.send_command_to_server)
    i.send_data                              0x000042ec   Section        0  uart1.o(i.send_data)
    i.send_device_mac_type                   0x00004314   Section        0  bed_client.o(i.send_device_mac_type)
    i.setReadStatu                           0x00004388   Section        0  sem.o(i.setReadStatu)
    i.set_Rock                               0x000043a4   Section        0  rock.o(i.set_Rock)
    i.set_data_packet                        0x000043d4   Section        0  bed_client.o(i.set_data_packet)
    i.set_volume                             0x00004468   Section        0  risym-mp3.o(i.set_volume)
    set_volume                               0x00004469   Thumb Code    98  risym-mp3.o(i.set_volume)
    i.socket_create                          0x000044d4   Section        0  bed_client.o(i.socket_create)
    i.spiCfg_moni                            0x000044d8   Section        0  spi.o(i.spiCfg_moni)
    i.spiInit                                0x00004570   Section        0  spi.o(i.spiInit)
    i.startup_task                           0x00004588   Section        0  main.o(i.startup_task)
    startup_task                             0x00004589   Thumb Code    80  main.o(i.startup_task)
    i.system_Init                            0x000045f0   Section        0  system.o(i.system_Init)
    i.task_sem_init                          0x00004608   Section        0  sem.o(i.task_sem_init)
    i.uart1_init                             0x0000463c   Section        0  uart1.o(i.uart1_init)
    i.wait_respone                           0x000046b4   Section        0  bed_client.o(i.wait_respone)
    .constdata                               0x000046d0   Section        6  bed_client.o(.constdata)
    .constdata                               0x000046d8   Section       80  ht32_board.o(.constdata)
    .constdata                               0x00004728   Section      256  os_core.o(.constdata)
    .constdata                               0x00004828   Section       64  ctype_c.o(.constdata)
    .data                                    0x20000000   Section       24  sem.o(.data)
    task_sem                                 0x20000004   Data           4  sem.o(.data)
    read_sem                                 0x20000008   Data           4  sem.o(.data)
    Wlan_sem                                 0x2000000c   Data           4  sem.o(.data)
    RecvBuff_sem                             0x20000010   Data           4  sem.o(.data)
    RecvBuff_Read_sem                        0x20000014   Data           4  sem.o(.data)
    .data                                    0x20000018   Section       24  bed_client.o(.data)
    grobal_play_ctr                          0x20000018   Data           1  bed_client.o(.data)
    grobal_swing_ctr                         0x20000019   Data           1  bed_client.o(.data)
    i                                        0x2000001c   Data           4  bed_client.o(.data)
    j                                        0x20000020   Data           4  bed_client.o(.data)
    .data                                    0x20000030   Section        4  ht32_retarget.o(.data)
    .data                                    0x20000034   Section       44  os_core.o(.data)
    .data                                    0x20000060   Section        8  gy-mcu90615.o(.data)
    .data                                    0x20000068   Section        3  risym-mp3.o(.data)
    mp3_state                                0x20000068   Data           1  risym-mp3.o(.data)
    volume_value                             0x20000069   Data           1  risym-mp3.o(.data)
    first                                    0x2000006a   Data           1  risym-mp3.o(.data)
    .data                                    0x2000006c   Section       12  spi-wifi.o(.data)
    .data                                    0x20000078   Section        1  cry-voice.o(.data)
    current_state                            0x20000078   Data           1  cry-voice.o(.data)
    .data                                    0x20000079   Section        1  fan.o(.data)
    fan_state                                0x20000079   Data           1  fan.o(.data)
    .data                                    0x2000007a   Section        2  wmri.o(.data)
    gsSeqNum                                 0x2000007a   Data           1  wmri.o(.data)
    .data                                    0x2000007c   Section        3  my_spi_wifi_api.o(.data)
    accept_client_socketID                   0x2000007d   Data           1  my_spi_wifi_api.o(.data)
    connect_server_socketID                  0x2000007e   Data           1  my_spi_wifi_api.o(.data)
    .data                                    0x20000080   Section        8  rock.o(.data)
    rock_state                               0x20000080   Data           1  rock.o(.data)
    change_time                              0x20000084   Data           4  rock.o(.data)
    .data                                    0x20000088   Section        1  quit.o(.data)
    current_state                            0x20000088   Data           1  quit.o(.data)
    .data                                    0x20000089   Section        1  milk.o(.data)
    milk_state                               0x20000089   Data           1  milk.o(.data)
    .bss                                     0x2000008c   Section     1544  main.o(.bss)
    Task_DealData_stk                        0x2000008c   Data         512  main.o(.bss)
    Task_RecvData_stk                        0x2000028c   Data         512  main.o(.bss)
    Task_DealRock_stk                        0x2000048c   Data         280  main.o(.bss)
    startup_task_stk                         0x200005a4   Data         240  main.o(.bss)
    .bss                                     0x20000694   Section       20  bed_client.o(.bss)
    .bss                                     0x200006a8   Section      116  system.o(.bss)
    packet_buffer                            0x200006a8   Data         100  system.o(.bss)
    Grobal_buff                              0x2000070c   Data          16  system.o(.bss)
    .bss                                     0x2000071c   Section      724  ht32_serial.o(.bss)
    uSerialBuffer                            0x2000071c   Data         512  ht32_serial.o(.bss)
    .bss                                     0x200009f0   Section     2640  os_core.o(.bss)
    .bss                                     0x20001440   Section      100  spi-wifi.o(.bss)
    STACK                                    0x200014a8   Section      512  startup_ht32f165x.o(STACK)

    Global Symbols

    Symbol Name                              Value     Ov Type        Size  Object(Section)

    BuildAttributes$$THM_ISAv4$P$D$K$B$S$PE$A:L22UL41UL21$X:L11$S22US41US21$IEEE1$IW$USESV6$~STKCKD$USESV7$~SHL$OTIME$ROPI$EBA8$MICROLIB$REQ8$PRES8$EABIv2 0x00000000   Number         0  anon$$obj.o ABSOLUTE
    __ARM_use_no_argv                        0x00000000   Number         0  main.o ABSOLUTE
    __Vectors                                0x00000000   Data           4  startup_ht32f165x.o(RESET)
    __use_no_errno                           0x00000000   Number         0  useno.o ABSOLUTE
    __use_no_exception_handling              0x00000000   Number         0  useno.o ABSOLUTE
    __use_no_fp                              0x00000000   Number         0  useno.o ABSOLUTE
    __use_no_heap                            0x00000000   Number         0  useno.o ABSOLUTE
    __use_no_heap_region                     0x00000000   Number         0  useno.o ABSOLUTE
    __use_no_semihosting                     0x00000000   Number         0  useno.o ABSOLUTE
    __use_no_semihosting_swi                 0x00000000   Number         0  useno.o ABSOLUTE
    __use_no_signal_handling                 0x00000000   Number         0  useno.o ABSOLUTE
    _printf_a                                0x00000000   Number         0  stubs.o ABSOLUTE
    _printf_c                                0x00000000   Number         0  stubs.o ABSOLUTE
    _printf_charcount                        0x00000000   Number         0  stubs.o ABSOLUTE
    _printf_d                                0x00000000   Number         0  stubs.o ABSOLUTE
    _printf_e                                0x00000000   Number         0  stubs.o ABSOLUTE
    _printf_f                                0x00000000   Number         0  stubs.o ABSOLUTE
    _printf_flags                            0x00000000   Number         0  stubs.o ABSOLUTE
    _printf_fp_dec                           0x00000000   Number         0  stubs.o ABSOLUTE
    _printf_fp_hex                           0x00000000   Number         0  stubs.o ABSOLUTE
    _printf_g                                0x00000000   Number         0  stubs.o ABSOLUTE
    _printf_i                                0x00000000   Number         0  stubs.o ABSOLUTE
    _printf_int_dec                          0x00000000   Number         0  stubs.o ABSOLUTE
    _printf_l                                0x00000000   Number         0  stubs.o ABSOLUTE
    _printf_lc                               0x00000000   Number         0  stubs.o ABSOLUTE
    _printf_ll                               0x00000000   Number         0  stubs.o ABSOLUTE
    _printf_lld                              0x00000000   Number         0  stubs.o ABSOLUTE
    _printf_lli                              0x00000000   Number         0  stubs.o ABSOLUTE
    _printf_llo                              0x00000000   Number         0  stubs.o ABSOLUTE
    _printf_llu                              0x00000000   Number         0  stubs.o ABSOLUTE
    _printf_llx                              0x00000000   Number         0  stubs.o ABSOLUTE
    _printf_longlong_dec                     0x00000000   Number         0  stubs.o ABSOLUTE
    _printf_longlong_hex                     0x00000000   Number         0  stubs.o ABSOLUTE
    _printf_longlong_oct                     0x00000000   Number         0  stubs.o ABSOLUTE
    _printf_ls                               0x00000000   Number         0  stubs.o ABSOLUTE
    _printf_mbtowc                           0x00000000   Number         0  stubs.o ABSOLUTE
    _printf_n                                0x00000000   Number         0  stubs.o ABSOLUTE
    _printf_o                                0x00000000   Number         0  stubs.o ABSOLUTE
    _printf_p                                0x00000000   Number         0  stubs.o ABSOLUTE
    _printf_percent                          0x00000000   Number         0  stubs.o ABSOLUTE
    _printf_pre_padding                      0x00000000   Number         0  stubs.o ABSOLUTE
    _printf_return_value                     0x00000000   Number         0  stubs.o ABSOLUTE
    _printf_s                                0x00000000   Number         0  stubs.o ABSOLUTE
    _printf_sizespec                         0x00000000   Number         0  stubs.o ABSOLUTE
    _printf_str                              0x00000000   Number         0  stubs.o ABSOLUTE
    _printf_truncate_signed                  0x00000000   Number         0  stubs.o ABSOLUTE
    _printf_truncate_unsigned                0x00000000   Number         0  stubs.o ABSOLUTE
    _printf_u                                0x00000000   Number         0  stubs.o ABSOLUTE
    _printf_wc                               0x00000000   Number         0  stubs.o ABSOLUTE
    _printf_wctomb                           0x00000000   Number         0  stubs.o ABSOLUTE
    _printf_widthprec                        0x00000000   Number         0  stubs.o ABSOLUTE
    _printf_x                                0x00000000   Number         0  stubs.o ABSOLUTE
    __cpp_initialize__aeabi_                  - Undefined Weak Reference
    __cxa_finalize                            - Undefined Weak Reference
    __decompress                              - Undefined Weak Reference
    _clock_init                               - Undefined Weak Reference
    _microlib_exit                            - Undefined Weak Reference
    _scanf_longlong                           - Undefined Weak Reference
    _scanf_real                               - Undefined Weak Reference
    Reset_Handler                            0x00000155   Thumb Code     8  startup_ht32f165x.o(RESET)
    ADC_IRQHandler                           0x0000016f   Thumb Code     0  startup_ht32f165x.o(RESET)
    BFTM0_IRQHandler                         0x0000016f   Thumb Code     0  startup_ht32f165x.o(RESET)
    BFTM1_IRQHandler                         0x0000016f   Thumb Code     0  startup_ht32f165x.o(RESET)
    BOD_IRQHandler                           0x0000016f   Thumb Code     0  startup_ht32f165x.o(RESET)
    CKRDY_IRQHandler                         0x0000016f   Thumb Code     0  startup_ht32f165x.o(RESET)
    COMP_IRQHandler                          0x0000016f   Thumb Code     0  startup_ht32f165x.o(RESET)
    EBI_IRQHandler                           0x0000016f   Thumb Code     0  startup_ht32f165x.o(RESET)
    EVWUP_IRQHandler                         0x0000016f   Thumb Code     0  startup_ht32f165x.o(RESET)
    EXTI10_IRQHandler                        0x0000016f   Thumb Code     0  startup_ht32f165x.o(RESET)
    EXTI11_IRQHandler                        0x0000016f   Thumb Code     0  startup_ht32f165x.o(RESET)
    EXTI12_IRQHandler                        0x0000016f   Thumb Code     0  startup_ht32f165x.o(RESET)
    EXTI13_IRQHandler                        0x0000016f   Thumb Code     0  startup_ht32f165x.o(RESET)
    EXTI14_IRQHandler                        0x0000016f   Thumb Code     0  startup_ht32f165x.o(RESET)
    EXTI15_IRQHandler                        0x0000016f   Thumb Code     0  startup_ht32f165x.o(RESET)
    EXTI3_IRQHandler                         0x0000016f   Thumb Code     0  startup_ht32f165x.o(RESET)
    EXTI4_IRQHandler                         0x0000016f   Thumb Code     0  startup_ht32f165x.o(RESET)
    EXTI5_IRQHandler                         0x0000016f   Thumb Code     0  startup_ht32f165x.o(RESET)
    EXTI6_IRQHandler                         0x0000016f   Thumb Code     0  startup_ht32f165x.o(RESET)
    EXTI7_IRQHandler                         0x0000016f   Thumb Code     0  startup_ht32f165x.o(RESET)
    EXTI8_IRQHandler                         0x0000016f   Thumb Code     0  startup_ht32f165x.o(RESET)
    EXTI9_IRQHandler                         0x0000016f   Thumb Code     0  startup_ht32f165x.o(RESET)
    FLASH_IRQHandler                         0x0000016f   Thumb Code     0  startup_ht32f165x.o(RESET)
    GPTM0_IRQHandler                         0x0000016f   Thumb Code     0  startup_ht32f165x.o(RESET)
    GPTM1_IRQHandler                         0x0000016f   Thumb Code     0  startup_ht32f165x.o(RESET)
    I2C0_IRQHandler                          0x0000016f   Thumb Code     0  startup_ht32f165x.o(RESET)
    I2C1_IRQHandler                          0x0000016f   Thumb Code     0  startup_ht32f165x.o(RESET)
    I2S_IRQHandler                           0x0000016f   Thumb Code     0  startup_ht32f165x.o(RESET)
    LPWUP_IRQHandler                         0x0000016f   Thumb Code     0  startup_ht32f165x.o(RESET)
    LVD_IRQHandler                           0x0000016f   Thumb Code     0  startup_ht32f165x.o(RESET)
    MCTM0BRK_IRQHandler                      0x0000016f   Thumb Code     0  startup_ht32f165x.o(RESET)
    MCTM0CC_IRQHandler                       0x0000016f   Thumb Code     0  startup_ht32f165x.o(RESET)
    MCTM0TR_IRQHandler                       0x0000016f   Thumb Code     0  startup_ht32f165x.o(RESET)
    MCTM0UP_IRQHandler                       0x0000016f   Thumb Code     0  startup_ht32f165x.o(RESET)
    MCTM1BRK_IRQHandler                      0x0000016f   Thumb Code     0  startup_ht32f165x.o(RESET)
    MCTM1CC_IRQHandler                       0x0000016f   Thumb Code     0  startup_ht32f165x.o(RESET)
    MCTM1TR_IRQHandler                       0x0000016f   Thumb Code     0  startup_ht32f165x.o(RESET)
    MCTM1UP_IRQHandler                       0x0000016f   Thumb Code     0  startup_ht32f165x.o(RESET)
    PDMA_CH0_IRQHandler                      0x0000016f   Thumb Code     0  startup_ht32f165x.o(RESET)
    PDMA_CH1_IRQHandler                      0x0000016f   Thumb Code     0  startup_ht32f165x.o(RESET)
    PDMA_CH2_IRQHandler                      0x0000016f   Thumb Code     0  startup_ht32f165x.o(RESET)
    PDMA_CH3_IRQHandler                      0x0000016f   Thumb Code     0  startup_ht32f165x.o(RESET)
    PDMA_CH4_IRQHandler                      0x0000016f   Thumb Code     0  startup_ht32f165x.o(RESET)
    PDMA_CH5_IRQHandler                      0x0000016f   Thumb Code     0  startup_ht32f165x.o(RESET)
    PDMA_CH6_IRQHandler                      0x0000016f   Thumb Code     0  startup_ht32f165x.o(RESET)
    PDMA_CH7_IRQHandler                      0x0000016f   Thumb Code     0  startup_ht32f165x.o(RESET)
    RTC_IRQHandler                           0x0000016f   Thumb Code     0  startup_ht32f165x.o(RESET)
    SCI_IRQHandler                           0x0000016f   Thumb Code     0  startup_ht32f165x.o(RESET)
    SPI0_IRQHandler                          0x0000016f   Thumb Code     0  startup_ht32f165x.o(RESET)
    SPI1_IRQHandler                          0x0000016f   Thumb Code     0  startup_ht32f165x.o(RESET)
    UART0_IRQHandler                         0x0000016f   Thumb Code     0  startup_ht32f165x.o(RESET)
    UART1_IRQHandler                         0x0000016f   Thumb Code     0  startup_ht32f165x.o(RESET)
    USART0_IRQHandler                        0x0000016f   Thumb Code     0  startup_ht32f165x.o(RESET)
    USART1_IRQHandler                        0x0000016f   Thumb Code     0  startup_ht32f165x.o(RESET)
    WDT_IRQHandler                           0x0000016f   Thumb Code     0  startup_ht32f165x.o(RESET)
    __main                                   0x00000179   Thumb Code     0  entry.o(.ARM.Collect$$$$00000000)
    _main_stk                                0x00000179   Thumb Code     0  entry2.o(.ARM.Collect$$$$00000001)
    _main_scatterload                        0x0000017d   Thumb Code     0  entry5.o(.ARM.Collect$$$$00000004)
    __main_after_scatterload                 0x00000181   Thumb Code     0  entry5.o(.ARM.Collect$$$$00000004)
    _main_clock                              0x00000181   Thumb Code     0  entry7b.o(.ARM.Collect$$$$00000008)
    _main_cpp_init                           0x00000181   Thumb Code     0  entry8b.o(.ARM.Collect$$$$0000000A)
    _main_init                               0x00000181   Thumb Code     0  entry9a.o(.ARM.Collect$$$$0000000B)
    __rt_final_cpp                           0x00000189   Thumb Code     0  entry10a.o(.ARM.Collect$$$$0000000D)
    __rt_final_exit                          0x00000189   Thumb Code     0  entry11a.o(.ARM.Collect$$$$0000000F)
    OS_CPU_SR_Save                           0x0000018d   Thumb Code     0  os_cpu_a.o(.text)
    OS_CPU_SR_Restore                        0x00000195   Thumb Code     0  os_cpu_a.o(.text)
    OSStartHighRdy                           0x0000019b   Thumb Code     0  os_cpu_a.o(.text)
    OSCtxSw                                  0x000001bb   Thumb Code     0  os_cpu_a.o(.text)
    OSIntCtxSw                               0x000001c5   Thumb Code     0  os_cpu_a.o(.text)
    OS_CPU_PendSVHandler                     0x000001cf   Thumb Code     0  os_cpu_a.o(.text)
    __aeabi_memcpy                           0x00000231   Thumb Code    36  memcpya.o(.text)
    __aeabi_memcpy4                          0x00000231   Thumb Code     0  memcpya.o(.text)
    __aeabi_memcpy8                          0x00000231   Thumb Code     0  memcpya.o(.text)
    __aeabi_memset                           0x00000255   Thumb Code    14  memseta.o(.text)
    __aeabi_memset4                          0x00000255   Thumb Code     0  memseta.o(.text)
    __aeabi_memset8                          0x00000255   Thumb Code     0  memseta.o(.text)
    __aeabi_memclr                           0x00000263   Thumb Code     4  memseta.o(.text)
    __aeabi_memclr4                          0x00000263   Thumb Code     0  memseta.o(.text)
    __aeabi_memclr8                          0x00000263   Thumb Code     0  memseta.o(.text)
    _memset$wrapper                          0x00000267   Thumb Code    18  memseta.o(.text)
    strlen                                   0x00000279   Thumb Code    14  strlen.o(.text)
    strcpy                                   0x00000287   Thumb Code    18  strcpy.o(.text)
    __0sscanf                                0x00000299   Thumb Code    48  __0sscanf.o(.text)
    _scanf_int                               0x000002d1   Thumb Code   336  _scanf_int.o(.text)
    _scanf_string                            0x00000421   Thumb Code   218  _scanf_str.o(.text)
    __aeabi_fmul                             0x000004fb   Thumb Code   108  fmul.o(.text)
    __aeabi_fdiv                             0x00000567   Thumb Code   128  fdiv.o(.text)
    __aeabi_dadd                             0x000005e7   Thumb Code   322  dadd.o(.text)
    __aeabi_dsub                             0x00000729   Thumb Code     6  dadd.o(.text)
    __aeabi_drsub                            0x0000072f   Thumb Code     6  dadd.o(.text)
    __aeabi_dmul                             0x00000735   Thumb Code   228  dmul.o(.text)
    __aeabi_i2f                              0x00000819   Thumb Code    18  fflti.o(.text)
    __aeabi_f2iz                             0x0000082b   Thumb Code    50  ffixi.o(.text)
    __aeabi_f2d                              0x0000085d   Thumb Code    38  f2d.o(.text)
    __aeabi_d2f                              0x00000883   Thumb Code    56  d2f.o(.text)
    __aeabi_uldivmod                         0x000008bb   Thumb Code    98  uldiv.o(.text)
    __aeabi_llsl                             0x0000091d   Thumb Code    30  llshl.o(.text)
    _ll_shift_l                              0x0000091d   Thumb Code     0  llshl.o(.text)
    __aeabi_lasr                             0x0000093b   Thumb Code    36  llsshr.o(.text)
    _ll_sshift_r                             0x0000093b   Thumb Code     0  llsshr.o(.text)
    _chval                                   0x0000095f   Thumb Code    28  _chval.o(.text)
    __vfscanf_char                           0x00000989   Thumb Code    20  scanf_char.o(.text)
    _sgetc                                   0x000009a5   Thumb Code    30  _sgetc.o(.text)
    _sbackspace                              0x000009c3   Thumb Code    34  _sgetc.o(.text)
    __I$use$fp                               0x000009e5   Thumb Code     0  iusefp.o(.text)
    _float_round                             0x000009e5   Thumb Code    18  fepilogue.o(.text)
    _float_epilogue                          0x000009f7   Thumb Code    90  fepilogue.o(.text)
    _double_round                            0x00000a51   Thumb Code    26  depilogue.o(.text)
    _double_epilogue                         0x00000a6b   Thumb Code   164  depilogue.o(.text)
    __scatterload                            0x00000b11   Thumb Code    28  init.o(.text)
    __scatterload_rt2                        0x00000b11   Thumb Code     0  init.o(.text)
    __aeabi_llsr                             0x00000b35   Thumb Code    32  llushr.o(.text)
    _ll_ushift_r                             0x00000b35   Thumb Code     0  llushr.o(.text)
    isspace                                  0x00000b55   Thumb Code    10  isspace_c.o(.text)
    __vfscanf                                0x00000b61   Thumb Code   806  _scanf.o(.text)
    __ctype_lookup                           0x00000e8d   Thumb Code    34  ctype_c.o(.text)
    AFIO_EXTISourceConfig                    0x00000eb5   Thumb Code    38  ht32f1655_56_gpio.o(i.AFIO_EXTISourceConfig)
    AFIO_GPxConfig                           0x00000ee1   Thumb Code    94  ht32f1655_56_gpio.o(i.AFIO_GPxConfig)
    AppCreatSocketProc                       0x00000f45   Thumb Code    58  wmri.o(i.AppCreatSocketProc)
    BusFault_Handler                         0x00000f7f   Thumb Code     2  ht32f165x_it.o(i.BusFault_Handler)
    CKCU_Configuration                       0x00000f81   Thumb Code    16  main.o(i.CKCU_Configuration)
    CKCU_GetClocksFrequency                  0x00000f91   Thumb Code    76  ht32f1655_56_ckcu.o(i.CKCU_GetClocksFrequency)
    CKCU_GetPLLFrequency                     0x00000fe5   Thumb Code    52  ht32f1655_56_ckcu.o(i.CKCU_GetPLLFrequency)
    CKCU_GetUSARTClockFreq                   0x00001025   Thumb Code    16  ht32f1655_56_ckcu.o(i.CKCU_GetUSARTClockFreq)
    CKCU_PeripClockConfig                    0x00001035   Thumb Code    32  ht32f1655_56_ckcu.o(i.CKCU_PeripClockConfig)
    Check_Buff                               0x00001059   Thumb Code    30  system.o(i.Check_Buff)
    Check_Cry                                0x0000107d   Thumb Code    50  cry-voice.o(i.Check_Cry)
    Check_Fan                                0x000010b5   Thumb Code     6  fan.o(i.Check_Fan)
    Check_Milk                               0x000010c1   Thumb Code     6  milk.o(i.Check_Milk)
    Check_Music                              0x000010cd   Thumb Code     6  risym-mp3.o(i.Check_Music)
    Check_Piss                               0x000010d9   Thumb Code    60  piss.o(i.Check_Piss)
    Check_Quilt                              0x00001119   Thumb Code    56  quit.o(i.Check_Quilt)
    Check_Rock                               0x00001155   Thumb Code     6  rock.o(i.Check_Rock)
    Check_Temperature                        0x00001161   Thumb Code    52  gy-mcu90615.o(i.Check_Temperature)
    Create_TCP_Server                        0x00001199   Thumb Code    24  my_spi_wifi_api.o(i.Create_TCP_Server)
    Deal_Command                             0x000011b1   Thumb Code    44  bed_client.o(i.Deal_Command)
    DebugMon_Handler                         0x000011e1   Thumb Code     2  ht32f165x_it.o(i.DebugMon_Handler)
    EXTI0_IRQHandler                         0x000011e3   Thumb Code    18  ht32f165x_it.o(i.EXTI0_IRQHandler)
    EXTI1_IRQHandler                         0x000011f5   Thumb Code    18  ht32f165x_it.o(i.EXTI1_IRQHandler)
    EXTI2_IRQHandler                         0x00001207   Thumb Code     2  ht32f165x_it.o(i.EXTI2_IRQHandler)
    EXTI_ClearEdgeFlag                       0x00001209   Thumb Code    12  ht32f1655_56_exti.o(i.EXTI_ClearEdgeFlag)
    EXTI_Config                              0x00001219   Thumb Code   198  main.o(i.EXTI_Config)
    EXTI_Init                                0x000012e9   Thumb Code    24  ht32f1655_56_exti.o(i.EXTI_Init)
    EXTI_IntConfig                           0x00001305   Thumb Code    22  ht32f1655_56_exti.o(i.EXTI_IntConfig)
    Fan_Contorl                              0x00001321   Thumb Code    42  fan.o(i.Fan_Contorl)
    Fan_Init                                 0x00001355   Thumb Code    42  fan.o(i.Fan_Init)
    Force_Reset                              0x00001385   Thumb Code    34  spi.o(i.Force_Reset)
    GPIO_DirectionConfig                     0x000013ad   Thumb Code    16  ht32f1655_56_gpio.o(i.GPIO_DirectionConfig)
    GPIO_DriveConfig                         0x000013bd   Thumb Code    16  ht32f1655_56_gpio.o(i.GPIO_DriveConfig)
    GPIO_InputConfig                         0x000013cd   Thumb Code    16  ht32f1655_56_gpio.o(i.GPIO_InputConfig)
    GPIO_PullResistorConfig                  0x000013dd   Thumb Code    40  ht32f1655_56_gpio.o(i.GPIO_PullResistorConfig)
    GPIO_ReadInBit                           0x00001405   Thumb Code    10  ht32f1655_56_gpio.o(i.GPIO_ReadInBit)
    GPIO_WriteOutBits                        0x0000140f   Thumb Code    10  ht32f1655_56_gpio.o(i.GPIO_WriteOutBits)
    GetStatus                                0x00001419   Thumb Code    40  spi.o(i.GetStatus)
    Get_SocketID                             0x00001441   Thumb Code    20  my_spi_wifi_api.o(i.Get_SocketID)
    Get_WlanStatus                           0x00001459   Thumb Code     6  my_spi_wifi_api.o(i.Get_WlanStatus)
    HT32F_DVB_LEDInit                        0x00001465   Thumb Code    82  ht32_board.o(i.HT32F_DVB_LEDInit)
    HT32F_DVB_LEDOff                         0x000014bd   Thumb Code    22  ht32_board.o(i.HT32F_DVB_LEDOff)
    HT32F_DVB_LEDOn                          0x000014d9   Thumb Code    22  ht32_board.o(i.HT32F_DVB_LEDOn)
    HardFault_Handler                        0x000014f5   Thumb Code     2  ht32f165x_it.o(i.HardFault_Handler)
    Login_Wifi                               0x000014f9   Thumb Code   116  my_spi_wifi_api.o(i.Login_Wifi)
    MemManage_Handler                        0x00001575   Thumb Code     2  ht32f165x_it.o(i.MemManage_Handler)
    Milk_Contorl                             0x00001579   Thumb Code    42  milk.o(i.Milk_Contorl)
    Modules_Contrl                           0x000015ad   Thumb Code    86  bed_client.o(i.Modules_Contrl)
    Modules_Init                             0x00001645   Thumb Code    50  main.o(i.Modules_Init)
    Mp3_Init_Set                             0x00001679   Thumb Code    30  risym-mp3.o(i.Mp3_Init_Set)
    Music_Control                            0x000016a1   Thumb Code   192  risym-mp3.o(i.Music_Control)
    Music_Init                               0x00001775   Thumb Code   166  risym-mp3.o(i.Music_Init)
    NMI_Handler                              0x00001821   Thumb Code     2  ht32f165x_it.o(i.NMI_Handler)
    NVIC_Configuration                       0x00001823   Thumb Code     8  main.o(i.NVIC_Configuration)
    NVIC_SetVectorTable                      0x00001845   Thumb Code    12  ht32_cm3_misc.o(i.NVIC_SetVectorTable)
    OSInit                                   0x00001859   Thumb Code   228  os_core.o(i.OSInit)
    OSInitHookBegin                          0x00001961   Thumb Code     2  os_cpu_c.o(i.OSInitHookBegin)
    OSInitHookEnd                            0x00001963   Thumb Code     2  os_cpu_c.o(i.OSInitHookEnd)
    OSIntEnter                               0x00001965   Thumb Code    20  os_core.o(i.OSIntEnter)
    OSIntExit                                0x0000197d   Thumb Code    82  os_core.o(i.OSIntExit)
    OSSemCreate                              0x000019d9   Thumb Code    60  os_sem.o(i.OSSemCreate)
    OSSemPend                                0x00001a1d   Thumb Code   170  os_sem.o(i.OSSemPend)
    OSSemPost                                0x00001ad5   Thumb Code    82  os_sem.o(i.OSSemPost)
    OSStart                                  0x00001b29   Thumb Code    38  os_core.o(i.OSStart)
    OSTCBInitHook                            0x00001b59   Thumb Code     2  os_cpu_c.o(i.OSTCBInitHook)
    OSTaskCreate                             0x00001b5d   Thumb Code   124  os_task.o(i.OSTaskCreate)
    OSTaskCreateExt                          0x00001be5   Thumb Code   136  os_task.o(i.OSTaskCreateExt)
    OSTaskCreateHook                         0x00001c79   Thumb Code     2  os_cpu_c.o(i.OSTaskCreateHook)
    OSTaskDel                                0x00001c7d   Thumb Code   260  os_task.o(i.OSTaskDel)
    OSTaskDelHook                            0x00001da9   Thumb Code     2  os_cpu_c.o(i.OSTaskDelHook)
    OSTaskIdleHook                           0x00001dab   Thumb Code     2  os_cpu_c.o(i.OSTaskIdleHook)
    OSTaskNameSet                            0x00001dad   Thumb Code   108  os_task.o(i.OSTaskNameSet)
    OSTaskStkInit                            0x00001e25   Thumb Code   112  os_cpu_c.o(i.OSTaskStkInit)
    OSTaskSwHook                             0x00001e99   Thumb Code     2  os_cpu_c.o(i.OSTaskSwHook)
    OSTimeDly                                0x00001e9d   Thumb Code    74  os_time.o(i.OSTimeDly)
    OSTimeTick                               0x00001ef9   Thumb Code   160  os_core.o(i.OSTimeTick)
    OSTimeTickHook                           0x00001f9d   Thumb Code     2  os_cpu_c.o(i.OSTimeTickHook)
    OS_Dummy                                 0x00001f9f   Thumb Code     2  os_core.o(i.OS_Dummy)
    OS_EventTaskRdy                          0x00001fa1   Thumb Code    88  os_core.o(i.OS_EventTaskRdy)
    OS_EventTaskRemove                       0x00002005   Thumb Code    32  os_core.o(i.OS_EventTaskRemove)
    OS_EventTaskWait                         0x00002025   Thumb Code    66  os_core.o(i.OS_EventTaskWait)
    OS_EventWaitListInit                     0x0000206d   Thumb Code    22  os_core.o(i.OS_EventWaitListInit)
    OS_MemClr                                0x00002083   Thumb Code    18  os_core.o(i.OS_MemClr)
    OS_Sched                                 0x00002095   Thumb Code    64  os_core.o(i.OS_Sched)
    OS_StrCopy                               0x000020fd   Thumb Code    28  os_core.o(i.OS_StrCopy)
    OS_StrLen                                0x00002119   Thumb Code    20  os_core.o(i.OS_StrLen)
    OS_TCBInit                               0x0000212d   Thumb Code   204  os_core.o(i.OS_TCBInit)
    OS_TaskIdle                              0x00002201   Thumb Code    22  os_core.o(i.OS_TaskIdle)
    OS_TaskReturn                            0x0000221d   Thumb Code     2  os_cpu_c.o(i.OS_TaskReturn)
    Onbed_Init                               0x00002221   Thumb Code    42  onbed.o(i.Onbed_Init)
    Piss_Init                                0x00002251   Thumb Code    42  piss.o(i.Piss_Init)
    Quilt_Init                               0x00002281   Thumb Code    46  quit.o(i.Quilt_Init)
    RICreateDataHeader                       0x00002341   Thumb Code    62  wmri.o(i.RICreateDataHeader)
    RIGetWlanStatus                          0x00002385   Thumb Code    36  wmri.o(i.RIGetWlanStatus)
    RIResetDevice                            0x000023a9   Thumb Code    36  wmri.o(i.RIResetDevice)
    RISaveParam                              0x000023cd   Thumb Code    36  wmri.o(i.RISaveParam)
    RISetKey                                 0x000023f1   Thumb Code    92  wmri.o(i.RISetKey)
    RISetNip                                 0x0000244d   Thumb Code   100  wmri.o(i.RISetNip)
    RISetSSID                                0x000024b1   Thumb Code    70  wmri.o(i.RISetSSID)
    RISetWlanType                            0x000024f7   Thumb Code    44  wmri.o(i.RISetWlanType)
    RISocketClose                            0x00002523   Thumb Code    44  wmri.o(i.RISocketClose)
    RISocketCreate                           0x0000254f   Thumb Code    94  wmri.o(i.RISocketCreate)
    RISocketTCPSend                          0x000025ad   Thumb Code    58  wmri.o(i.RISocketTCPSend)
    RIWlanJoin                               0x000025e7   Thumb Code    36  wmri.o(i.RIWlanJoin)
    RSTCU_PeripReset                         0x0000260d   Thumb Code    40  ht32f1655_56_rstcu.o(i.RSTCU_PeripReset)
    Read_FromBuff                            0x00002639   Thumb Code    46  system.o(i.Read_FromBuff)
    Rock_Control                             0x00002669   Thumb Code    26  rock.o(i.Rock_Control)
    Rock_Init                                0x00002689   Thumb Code   106  rock.o(i.Rock_Init)
    Rock_One                                 0x000026f9   Thumb Code    48  rock.o(i.Rock_One)
    Rock_Stop                                0x00002731   Thumb Code    20  rock.o(i.Rock_Stop)
    Rocking                                  0x0000274d   Thumb Code    22  rock.o(i.Rocking)
    SPINSS                                   0x00002769   Thumb Code    18  spi.o(i.SPINSS)
    SPIReadWriteByte                         0x00002781   Thumb Code   104  spi.o(i.SPIReadWriteByte)
    SPITxCmd                                 0x000027ed   Thumb Code   136  spi.o(i.SPITxCmd)
    SPITxData                                0x000028a1   Thumb Code   142  spi.o(i.SPITxData)
    SVC_Handler                              0x0000292f   Thumb Code     2  ht32f165x_it.o(i.SVC_Handler)
    SYSTICK_ClockSourceConfig                0x00002931   Thumb Code    24  ht32_cm3_misc.o(i.SYSTICK_ClockSourceConfig)
    SYSTICK_CounterCmd                       0x00002949   Thumb Code    32  ht32_cm3_misc.o(i.SYSTICK_CounterCmd)
    SYSTICK_IntConfig                        0x00002969   Thumb Code    24  ht32_cm3_misc.o(i.SYSTICK_IntConfig)
    SYSTICK_SetReloadValue                   0x00002981   Thumb Code     8  ht32_cm3_misc.o(i.SYSTICK_SetReloadValue)
    Save_ToBuffer                            0x00002989   Thumb Code    38  system.o(i.Save_ToBuffer)
    Set_Buff                                 0x000029b1   Thumb Code    32  system.o(i.Set_Buff)
    SysTick_Handler                          0x00002a31   Thumb Code    18  ht32f165x_it.o(i.SysTick_Handler)
    SystemInit                               0x00002a45   Thumb Code    78  system_ht32f165x.o(i.SystemInit)
    Task_DealData                            0x00002aa1   Thumb Code    32  tasks.o(i.Task_DealData)
    Task_DealRock                            0x00002acd   Thumb Code    20  tasks.o(i.Task_DealRock)
    Task_RecvData                            0x00002aed   Thumb Code    40  tasks.o(i.Task_RecvData)
    Temperature_Init                         0x00002b21   Thumb Code    66  gy-mcu90615.o(i.Temperature_Init)
    USART_GetLineStatus                      0x00002b6d   Thumb Code    10  ht32f1655_56_usart.o(i.USART_GetLineStatus)
    USART_Init                               0x00002b77   Thumb Code    52  ht32f1655_56_usart.o(i.USART_Init)
    USART_ReceiveData                        0x00002bab   Thumb Code     6  ht32f1655_56_usart.o(i.USART_ReceiveData)
    USART_RxCmd                              0x00002bb1   Thumb Code    20  ht32f1655_56_usart.o(i.USART_RxCmd)
    USART_SendData                           0x00002bc5   Thumb Code     4  ht32f1655_56_usart.o(i.USART_SendData)
    USART_TxCmd                              0x00002bc9   Thumb Code    20  ht32f1655_56_usart.o(i.USART_TxCmd)
    USBDCore_IRQHandler                      0x00002bdd   Thumb Code   430  ht32_usbd_core.o(i.USBDCore_IRQHandler)
    USBD_ClearINT                            0x00002d8d   Thumb Code     6  ht32f1655_56_usbd.o(i.USBD_ClearINT)
    USBD_DeInit                              0x00002d99   Thumb Code    12  ht32f1655_56_usbd.o(i.USBD_DeInit)
    USBD_EPTClearDTG                         0x00002da5   Thumb Code    16  ht32f1655_56_usbd.o(i.USBD_EPTClearDTG)
    USBD_EPTClearHalt                        0x00002db5   Thumb Code    16  ht32f1655_56_usbd.o(i.USBD_EPTClearHalt)
    USBD_EPTClearINT                         0x00002dc5   Thumb Code    12  ht32f1655_56_usbd.o(i.USBD_EPTClearINT)
    USBD_EPTGetBuffer0Addr                   0x00002dd1   Thumb Code    18  ht32f1655_56_usbd.o(i.USBD_EPTGetBuffer0Addr)
    USBD_EPTGetBuffer1Addr                   0x00002de9   Thumb Code    30  ht32f1655_56_usbd.o(i.USBD_EPTGetBuffer1Addr)
    USBD_EPTGetBufferLen                     0x00002e0d   Thumb Code    14  ht32f1655_56_usbd.o(i.USBD_EPTGetBufferLen)
    USBD_EPTGetHalt                          0x00002e1b   Thumb Code    26  ht32f1655_56_usbd.o(i.USBD_EPTGetHalt)
    USBD_EPTGetINT                           0x00002e35   Thumb Code    14  ht32f1655_56_usbd.o(i.USBD_EPTGetINT)
    USBD_EPTGetTransferCount                 0x00002e43   Thumb Code    18  ht32f1655_56_usbd.o(i.USBD_EPTGetTransferCount)
    USBD_EPTInit                             0x00002e55   Thumb Code    38  ht32f1655_56_usbd.o(i.USBD_EPTInit)
    USBD_EPTReadMemory                       0x00002e7b   Thumb Code    58  ht32f1655_56_usbd.o(i.USBD_EPTReadMemory)
    USBD_EPTReadOUTData                      0x00002eb5   Thumb Code    48  ht32f1655_56_usbd.o(i.USBD_EPTReadOUTData)
    USBD_EPTReset                            0x00002ee5   Thumb Code    16  ht32f1655_56_usbd.o(i.USBD_EPTReset)
    USBD_EPTSendSTALL                        0x00002ef5   Thumb Code    12  ht32f1655_56_usbd.o(i.USBD_EPTSendSTALL)
    USBD_EPTSetHalt                          0x00002f01   Thumb Code    20  ht32f1655_56_usbd.o(i.USBD_EPTSetHalt)
    USBD_EPTWriteINData                      0x00002f15   Thumb Code    72  ht32f1655_56_usbd.o(i.USBD_EPTWriteINData)
    USBD_EnableINT                           0x00002f5d   Thumb Code    10  ht32f1655_56_usbd.o(i.USBD_EnableINT)
    USBD_GetEPTnINTNumber                    0x00002f6d   Thumb Code    32  ht32f1655_56_usbd.o(i.USBD_GetEPTnINTNumber)
    USBD_GetINT                              0x00002f8d   Thumb Code    10  ht32f1655_56_usbd.o(i.USBD_GetINT)
    USBD_PowerOff                            0x00002f9d   Thumb Code    12  ht32f1655_56_usbd.o(i.USBD_PowerOff)
    USBD_PowerOn                             0x00002fad   Thumb Code    12  ht32f1655_56_usbd.o(i.USBD_PowerOn)
    USBD_ReadSETUPData                       0x00002fbd   Thumb Code    12  ht32f1655_56_usbd.o(i.USBD_ReadSETUPData)
    USBD_SetAddress                          0x00002fcd   Thumb Code    14  ht32f1655_56_usbd.o(i.USBD_SetAddress)
    USB_IRQHandler                           0x00002fe1   Thumb Code     6  ht32_serial.o(i.USB_IRQHandler)
    UsageFault_Handler                       0x00002fed   Thumb Code     2  ht32f165x_it.o(i.UsageFault_Handler)
    Voice_Init                               0x00002ff1   Thumb Code    46  cry-voice.o(i.Voice_Init)
    Wait_GrobalBuff                          0x00003029   Thumb Code    44  system.o(i.Wait_GrobalBuff)
    Wifi_CloseSocket                         0x00003055   Thumb Code    16  spi-wifi.o(i.Wifi_CloseSocket)
    Wifi_Connect                             0x00003065   Thumb Code     8  spi-wifi.o(i.Wifi_Connect)
    Wifi_ConnectSocket                       0x00003071   Thumb Code    72  spi-wifi.o(i.Wifi_ConnectSocket)
    Wifi_ForceReset                          0x000030d1   Thumb Code     4  spi-wifi.o(i.Wifi_ForceReset)
    Wifi_Init                                0x000030d5   Thumb Code    40  spi-wifi.o(i.Wifi_Init)
    Wifi_Login                               0x00003115   Thumb Code    68  spi-wifi.o(i.Wifi_Login)
    Wifi_Recv                                0x00003189   Thumb Code    52  spi-wifi.o(i.Wifi_Recv)
    Wifi_Send                                0x000031bd   Thumb Code    40  spi-wifi.o(i.Wifi_Send)
    Wifi_SetPasswd                           0x000031e5   Thumb Code    28  spi-wifi.o(i.Wifi_SetPasswd)
    Wifi_SetSsid                             0x00003205   Thumb Code    28  spi-wifi.o(i.Wifi_SetSsid)
    Wifi_TCP_Server                          0x00003225   Thumb Code    78  spi-wifi.o(i.Wifi_TCP_Server)
    __0printf$8                              0x000034dd   Thumb Code    22  printf8.o(i.__0printf$8)
    __1printf$8                              0x000034dd   Thumb Code     0  printf8.o(i.__0printf$8)
    __2printf                                0x000034dd   Thumb Code     0  printf8.o(i.__0printf$8)
    __scatterload_copy                       0x000034fd   Thumb Code    14  handlers.o(i.__scatterload_copy)
    __scatterload_null                       0x0000350b   Thumb Code     2  handlers.o(i.__scatterload_null)
    __scatterload_zeroinit                   0x0000350d   Thumb Code    14  handlers.o(i.__scatterload_zeroinit)
    auto_Contrl                              0x0000397d   Thumb Code    82  bed_client.o(i.auto_Contrl)
    bed_client                               0x000039d5   Thumb Code   180  bed_client.o(i.bed_client)
    check                                    0x00003b09   Thumb Code    98  gy-mcu90615.o(i.check)
    check_mac                                0x00003b89   Thumb Code    40  bed_client.o(i.check_mac)
    clear_grobalBuff                         0x00003bcd   Thumb Code    20  system.o(i.clear_grobalBuff)
    client_Init                              0x00003be5   Thumb Code    68  bed_client.o(i.client_Init)
    cpyfrombuf                               0x00003c31   Thumb Code    78  system.o(i.cpyfrombuf)
    cpytobuf                                 0x00003c85   Thumb Code    78  system.o(i.cpytobuf)
    deal_Cmd                                 0x00003cd9   Thumb Code   190  my_spi_wifi_api.o(i.deal_Cmd)
    deal_Data                                0x00003e55   Thumb Code    18  my_spi_wifi_api.o(i.deal_Data)
    delay_ms                                 0x00003e67   Thumb Code     6  delay.o(i.delay_ms)
    delay_us                                 0x00003e6d   Thumb Code    20  delay.o(i.delay_us)
    diff_temp                                0x00003e81   Thumb Code    16  gy-mcu90615.o(i.diff_temp)
    fputc                                    0x00003e91   Thumb Code    18  uart1.o(i.fputc)
    getReadStatu                             0x00003ea5   Thumb Code    22  sem.o(i.getReadStatu)
    get_RecDataLen                           0x00003ec1   Thumb Code    42  my_spi_wifi_api.o(i.get_RecDataLen)
    get_RecvBuff                             0x00003eed   Thumb Code    24  sem.o(i.get_RecvBuff)
    get_WifiStatu                            0x00003f09   Thumb Code    42  my_spi_wifi_api.o(i.get_WifiStatu)
    get_WlanSem                              0x00003f35   Thumb Code     8  sem.o(i.get_WlanSem)
    get_command_from_server                  0x00003f41   Thumb Code    28  bed_client.o(i.get_command_from_server)
    get_data_packet                          0x00003f5d   Thumb Code     4  bed_client.o(i.get_data_packet)
    get_mac                                  0x00003f61   Thumb Code    24  bed_client.o(i.get_mac)
    is_legal                                 0x00003f7d   Thumb Code    56  gy-mcu90615.o(i.is_legal)
    is_onbed                                 0x00003fb9   Thumb Code    28  gy-mcu90615.o(i.is_onbed)
    led_init                                 0x00003fd5   Thumb Code    18  led.o(i.led_init)
    led_off                                  0x00003fe7   Thumb Code    20  led.o(i.led_off)
    led_on                                   0x00003ffb   Thumb Code    20  led.o(i.led_on)
    lock_sem                                 0x0000400f   Thumb Code    40  sem.o(i.lock_sem)
    main                                     0x00004039   Thumb Code    60  main.o(i.main)
    put_RecvBuff                             0x000040b5   Thumb Code    22  sem.o(i.put_RecvBuff)
    put_WlanSem                              0x000040d1   Thumb Code     8  sem.o(i.put_WlanSem)
    read                                     0x000040dd   Thumb Code     8  system.o(i.read)
    read_Data                                0x000040e5   Thumb Code    90  my_spi_wifi_api.o(i.read_Data)
    read_data                                0x0000413f   Thumb Code    50  uart1.o(i.read_data)
    refresh_BuffState                        0x00004259   Thumb Code    30  system.o(i.refresh_BuffState)
    run_led                                  0x0000427d   Thumb Code    48  sem.o(i.run_led)
    send                                     0x000042b1   Thumb Code     6  system.o(i.send)
    send_bed_data                            0x000042b7   Thumb Code    34  bed_client.o(i.send_bed_data)
    send_command_to_server                   0x000042d9   Thumb Code    14  bed_client.o(i.send_command_to_server)
    send_data                                0x000042ed   Thumb Code    38  uart1.o(i.send_data)
    send_device_mac_type                     0x00004315   Thumb Code    92  bed_client.o(i.send_device_mac_type)
    setReadStatu                             0x00004389   Thumb Code    24  sem.o(i.setReadStatu)
    set_Rock                                 0x000043a5   Thumb Code    44  rock.o(i.set_Rock)
    set_data_packet                          0x000043d5   Thumb Code   132  bed_client.o(i.set_data_packet)
    socket_create                            0x000044d5   Thumb Code     4  bed_client.o(i.socket_create)
    spiCfg_moni                              0x000044d9   Thumb Code   148  spi.o(i.spiCfg_moni)
    spiInit                                  0x00004571   Thumb Code    20  spi.o(i.spiInit)
    system_Init                              0x000045f1   Thumb Code    18  system.o(i.system_Init)
    task_sem_init                            0x00004609   Thumb Code    46  sem.o(i.task_sem_init)
    uart1_init                               0x0000463d   Thumb Code   116  uart1.o(i.uart1_init)
    wait_respone                             0x000046b5   Thumb Code    26  bed_client.o(i.wait_respone)
    LED_GPIO_ID                              0x000046d8   Data           3  ht32_board.o(.constdata)
    LED_AFIO_MODE                            0x000046db   Data           3  ht32_board.o(.constdata)
    BUTTON_GPIO_ID                           0x000046de   Data           3  ht32_board.o(.constdata)
    BUTTON_AFIO_MODE                         0x000046e1   Data           3  ht32_board.o(.constdata)
    BUTTON_EXTI_CH                           0x000046e4   Data           3  ht32_board.o(.constdata)
    LED_GPIO_PIN                             0x000046e8   Data           6  ht32_board.o(.constdata)
    BUTTON_GPIO_PIN                          0x000046ee   Data           6  ht32_board.o(.constdata)
    GPIO_PORT                                0x000046f4   Data          20  ht32_board.o(.constdata)
    gCOMInfo                                 0x00004708   Data          32  ht32_board.o(.constdata)
    OSUnMapTbl                               0x00004728   Data         256  os_core.o(.constdata)
    __ctype_categories                       0x00004828   Data          64  ctype_c.o(.constdata)
    Region$$Table$$Base                      0x00004868   Number         0  anon$$obj.o(Region$$Table)
    Region$$Table$$Limit                     0x00004888   Number         0  anon$$obj.o(Region$$Table)
    Read_state                               0x20000000   Data           1  sem.o(.data)
    task                                     0x2000001a   Data           1  bed_client.o(.data)
    command_packet_buff                      0x20000024   Data           6  bed_client.o(.data)
    Send_cmd                                 0x2000002a   Data           6  bed_client.o(.data)
    __stdout                                 0x20000030   Data           4  ht32_retarget.o(.data)
    OSIntNesting                             0x20000034   Data           1  os_core.o(.data)
    OSLockNesting                            0x20000035   Data           1  os_core.o(.data)
    OSPrioCur                                0x20000036   Data           1  os_core.o(.data)
    OSPrioHighRdy                            0x20000037   Data           1  os_core.o(.data)
    OSRdyGrp                                 0x20000038   Data           1  os_core.o(.data)
    OSRunning                                0x20000039   Data           1  os_core.o(.data)
    OSTaskCtr                                0x2000003a   Data           1  os_core.o(.data)
    OSTickStepState                          0x2000003b   Data           1  os_core.o(.data)
    OSCtxSwCtr                               0x2000003c   Data           4  os_core.o(.data)
    OSEventFreeList                          0x20000040   Data           4  os_core.o(.data)
    OSRdyTbl                                 0x20000044   Data           4  os_core.o(.data)
    OSIdleCtr                                0x20000048   Data           4  os_core.o(.data)
    OSTCBCur                                 0x2000004c   Data           4  os_core.o(.data)
    OSTCBFreeList                            0x20000050   Data           4  os_core.o(.data)
    OSTCBHighRdy                             0x20000054   Data           4  os_core.o(.data)
    OSTCBList                                0x20000058   Data           4  os_core.o(.data)
    OSTime                                   0x2000005c   Data           4  os_core.o(.data)
    current_temp                             0x20000060   Data           8  gy-mcu90615.o(.data)
    Local_port                               0x2000006c   Data           2  spi-wifi.o(.data)
    sid                                      0x20000070   Data           4  spi-wifi.o(.data)
    pwd                                      0x20000074   Data           4  spi-wifi.o(.data)
    RI_Send_SN                               0x2000007b   Data           1  wmri.o(.data)
    WlanStatus                               0x2000007c   Data           1  my_spi_wifi_api.o(.data)
    data_packet_buff                         0x20000694   Data          20  bed_client.o(.bss)
    gUSBCore                                 0x2000091c   Data         144  ht32_serial.o(.bss)
    gUSBDriver                               0x200009ac   Data          68  ht32_serial.o(.bss)
    OSEventTbl                               0x200009f0   Data         320  os_core.o(.bss)
    OSTaskIdleStk                            0x20000b30   Data         512  os_core.o(.bss)
    OSTCBPrioTbl                             0x20000d30   Data         128  os_core.o(.bss)
    OSTCBTbl                                 0x20000db0   Data        1680  os_core.o(.bss)
    Ssid                                     0x20001440   Data          50  spi-wifi.o(.bss)
    Passwd                                   0x20001472   Data          50  spi-wifi.o(.bss)
    __initial_sp                             0x200016a8   Data           0  startup_ht32f165x.o(STACK)



==============================================================================

Memory Map of the image

  Image Entry point : 0x00000155

  Load Region LR_1 (Base: 0x00000000, Size: 0x00004914, Max: 0xffffffff, ABSOLUTE)

    Execution Region ER_RO (Base: 0x00000000, Size: 0x00004888, Max: 0xffffffff, ABSOLUTE)

    Base Addr    Size         Type   Attr      Idx    E Section Name        Object

    0x00000000   0x00000178   Code   RO          972  * RESET               startup_ht32f165x.o
    0x00000178   0x00000000   Code   RO         6341  * .ARM.Collect$$$$00000000  mc_w.l(entry.o)
    0x00000178   0x00000004   Code   RO         6671    .ARM.Collect$$$$00000001  mc_w.l(entry2.o)
    0x0000017c   0x00000004   Code   RO         6674    .ARM.Collect$$$$00000004  mc_w.l(entry5.o)
    0x00000180   0x00000000   Code   RO         6676    .ARM.Collect$$$$00000008  mc_w.l(entry7b.o)
    0x00000180   0x00000000   Code   RO         6678    .ARM.Collect$$$$0000000A  mc_w.l(entry8b.o)
    0x00000180   0x00000008   Code   RO         6679    .ARM.Collect$$$$0000000B  mc_w.l(entry9a.o)
    0x00000188   0x00000000   Code   RO         6681    .ARM.Collect$$$$0000000D  mc_w.l(entry10a.o)
    0x00000188   0x00000000   Code   RO         6683    .ARM.Collect$$$$0000000F  mc_w.l(entry11a.o)
    0x00000188   0x00000004   Code   RO         6672    .ARM.Collect$$$$00002712  mc_w.l(entry2.o)
    0x0000018c   0x000000a4   Code   RO         5348    .text               os_cpu_a.o
    0x00000230   0x00000024   Code   RO         6344    .text               mc_w.l(memcpya.o)
    0x00000254   0x00000024   Code   RO         6346    .text               mc_w.l(memseta.o)
    0x00000278   0x0000000e   Code   RO         6348    .text               mc_w.l(strlen.o)
    0x00000286   0x00000012   Code   RO         6350    .text               mc_w.l(strcpy.o)
    0x00000298   0x00000038   Code   RO         6643    .text               mc_w.l(__0sscanf.o)
    0x000002d0   0x00000150   Code   RO         6645    .text               mc_w.l(_scanf_int.o)
    0x00000420   0x000000da   Code   RO         6647    .text               mc_w.l(_scanf_str.o)
    0x000004fa   0x0000006c   Code   RO         6651    .text               mf_w.l(fmul.o)
    0x00000566   0x00000080   Code   RO         6653    .text               mf_w.l(fdiv.o)
    0x000005e6   0x0000014e   Code   RO         6655    .text               mf_w.l(dadd.o)
    0x00000734   0x000000e4   Code   RO         6657    .text               mf_w.l(dmul.o)
    0x00000818   0x00000012   Code   RO         6661    .text               mf_w.l(fflti.o)
    0x0000082a   0x00000032   Code   RO         6665    .text               mf_w.l(ffixi.o)
    0x0000085c   0x00000026   Code   RO         6667    .text               mf_w.l(f2d.o)
    0x00000882   0x00000038   Code   RO         6669    .text               mf_w.l(d2f.o)
    0x000008ba   0x00000062   Code   RO         6687    .text               mc_w.l(uldiv.o)
    0x0000091c   0x0000001e   Code   RO         6689    .text               mc_w.l(llshl.o)
    0x0000093a   0x00000024   Code   RO         6691    .text               mc_w.l(llsshr.o)
    0x0000095e   0x0000001c   Code   RO         6695    .text               mc_w.l(_chval.o)
    0x0000097a   0x00000002   PAD
    0x0000097c   0x00000028   Code   RO         6697    .text               mc_w.l(scanf_char.o)
    0x000009a4   0x00000040   Code   RO         6699    .text               mc_w.l(_sgetc.o)
    0x000009e4   0x00000000   Code   RO         6701    .text               mc_w.l(iusefp.o)
    0x000009e4   0x0000006c   Code   RO         6702    .text               mf_w.l(fepilogue.o)
    0x00000a50   0x000000be   Code   RO         6704    .text               mf_w.l(depilogue.o)
    0x00000b0e   0x00000002   PAD
    0x00000b10   0x00000024   Code   RO         6710    .text               mc_w.l(init.o)
    0x00000b34   0x00000020   Code   RO         6712    .text               mc_w.l(llushr.o)
    0x00000b54   0x0000000a   Code   RO         6714    .text               mc_w.l(isspace_c.o)
    0x00000b5e   0x00000002   PAD
    0x00000b60   0x0000032c   Code   RO         6716    .text               mc_w.l(_scanf.o)
    0x00000e8c   0x00000028   Code   RO         6718    .text               mc_w.l(ctype_c.o)
    0x00000eb4   0x0000002c   Code   RO         1972    i.AFIO_EXTISourceConfig  ht32f1655_56_gpio.o
    0x00000ee0   0x00000064   Code   RO         1973    i.AFIO_GPxConfig    ht32f1655_56_gpio.o
    0x00000f44   0x0000003a   Code   RO         5886    i.AppCreatSocketProc  wmri.o
    0x00000f7e   0x00000002   Code   RO          291    i.BusFault_Handler  ht32f165x_it.o
    0x00000f80   0x00000010   Code   RO            4    i.CKCU_Configuration  main.o
    0x00000f90   0x00000054   Code   RO         1353    i.CKCU_GetClocksFrequency  ht32f1655_56_ckcu.o
    0x00000fe4   0x00000040   Code   RO         1355    i.CKCU_GetPLLFrequency  ht32f1655_56_ckcu.o
    0x00001024   0x00000010   Code   RO         1357    i.CKCU_GetUSARTClockFreq  ht32f1655_56_ckcu.o
    0x00001034   0x00000024   Code   RO         1368    i.CKCU_PeripClockConfig  ht32f1655_56_ckcu.o
    0x00001058   0x00000024   Code   RO          839    i.Check_Buff        system.o
    0x0000107c   0x00000038   Code   RO         5726    i.Check_Cry         cry-voice.o
    0x000010b4   0x0000000c   Code   RO         5758    i.Check_Fan         fan.o
    0x000010c0   0x0000000c   Code   RO         6276    i.Check_Milk        milk.o
    0x000010cc   0x0000000c   Code   RO         5564    i.Check_Music       risym-mp3.o
    0x000010d8   0x00000040   Code   RO         6061    i.Check_Piss        piss.o
    0x00001118   0x0000003c   Code   RO         6244    i.Check_Quilt       quit.o
    0x00001154   0x0000000c   Code   RO         6166    i.Check_Rock        rock.o
    0x00001160   0x00000038   Code   RO         5454    i.Check_Temperature  gy-mcu90615.o
    0x00001198   0x00000018   Code   RO         6091    i.Create_TCP_Server  my_spi_wifi_api.o
    0x000011b0   0x00000030   Code   RO          727    i.Deal_Command      bed_client.o
    0x000011e0   0x00000002   Code   RO          292    i.DebugMon_Handler  ht32f165x_it.o
    0x000011e2   0x00000012   Code   RO          293    i.EXTI0_IRQHandler  ht32f165x_it.o
    0x000011f4   0x00000012   Code   RO          294    i.EXTI1_IRQHandler  ht32f165x_it.o
    0x00001206   0x00000002   Code   RO          295    i.EXTI2_IRQHandler  ht32f165x_it.o
    0x00001208   0x00000010   Code   RO         1761    i.EXTI_ClearEdgeFlag  ht32f1655_56_exti.o
    0x00001218   0x000000d0   Code   RO            5    i.EXTI_Config       main.o
    0x000012e8   0x0000001c   Code   RO         1767    i.EXTI_Init         ht32f1655_56_exti.o
    0x00001304   0x0000001c   Code   RO         1768    i.EXTI_IntConfig    ht32f1655_56_exti.o
    0x00001320   0x00000034   Code   RO         5759    i.Fan_Contorl       fan.o
    0x00001354   0x00000030   Code   RO         5760    i.Fan_Init          fan.o
    0x00001384   0x00000028   Code   RO         5796    i.Force_Reset       spi.o
    0x000013ac   0x00000010   Code   RO         1976    i.GPIO_DirectionConfig  ht32f1655_56_gpio.o
    0x000013bc   0x00000010   Code   RO         1977    i.GPIO_DriveConfig  ht32f1655_56_gpio.o
    0x000013cc   0x00000010   Code   RO         1978    i.GPIO_InputConfig  ht32f1655_56_gpio.o
    0x000013dc   0x00000028   Code   RO         1983    i.GPIO_PullResistorConfig  ht32f1655_56_gpio.o
    0x00001404   0x0000000a   Code   RO         1984    i.GPIO_ReadInBit    ht32f1655_56_gpio.o
    0x0000140e   0x0000000a   Code   RO         1989    i.GPIO_WriteOutBits  ht32f1655_56_gpio.o
    0x00001418   0x00000028   Code   RO         5797    i.GetStatus         spi.o
    0x00001440   0x00000018   Code   RO         6092    i.Get_SocketID      my_spi_wifi_api.o
    0x00001458   0x0000000c   Code   RO         6093    i.Get_WlanStatus    my_spi_wifi_api.o
    0x00001464   0x00000058   Code   RO         4645    i.HT32F_DVB_LEDInit  ht32_board.o
    0x000014bc   0x0000001c   Code   RO         4646    i.HT32F_DVB_LEDOff  ht32_board.o
    0x000014d8   0x0000001c   Code   RO         4647    i.HT32F_DVB_LEDOn   ht32_board.o
    0x000014f4   0x00000002   Code   RO          296    i.HardFault_Handler  ht32f165x_it.o
    0x000014f6   0x00000002   PAD
    0x000014f8   0x0000007c   Code   RO         6094    i.Login_Wifi        my_spi_wifi_api.o
    0x00001574   0x00000002   Code   RO          297    i.MemManage_Handler  ht32f165x_it.o
    0x00001576   0x00000002   PAD
    0x00001578   0x00000034   Code   RO         6277    i.Milk_Contorl      milk.o
    0x000015ac   0x00000098   Code   RO          728    i.Modules_Contrl    bed_client.o
    0x00001644   0x00000032   Code   RO            6    i.Modules_Init      main.o
    0x00001676   0x00000002   PAD
    0x00001678   0x00000028   Code   RO         5565    i.Mp3_Init_Set      risym-mp3.o
    0x000016a0   0x000000d4   Code   RO         5566    i.Music_Control     risym-mp3.o
    0x00001774   0x000000ac   Code   RO         5567    i.Music_Init        risym-mp3.o
    0x00001820   0x00000002   Code   RO          298    i.NMI_Handler       ht32f165x_it.o
    0x00001822   0x00000008   Code   RO            7    i.NVIC_Configuration  main.o
    0x0000182a   0x00000018   Code   RO            8    i.NVIC_EnableIRQ    main.o
    0x00001842   0x00000002   PAD
    0x00001844   0x00000014   Code   RO         1065    i.NVIC_SetVectorTable  ht32_cm3_misc.o
    0x00001858   0x00000108   Code   RO         5046    i.OSInit            os_core.o
    0x00001960   0x00000002   Code   RO         5352    i.OSInitHookBegin   os_cpu_c.o
    0x00001962   0x00000002   Code   RO         5353    i.OSInitHookEnd     os_cpu_c.o
    0x00001964   0x00000018   Code   RO         5047    i.OSIntEnter        os_core.o
    0x0000197c   0x0000005c   Code   RO         5048    i.OSIntExit         os_core.o
    0x000019d8   0x00000044   Code   RO         5211    i.OSSemCreate       os_sem.o
    0x00001a1c   0x000000b8   Code   RO         5213    i.OSSemPend         os_sem.o
    0x00001ad4   0x00000052   Code   RO         5215    i.OSSemPost         os_sem.o
    0x00001b26   0x00000002   PAD
    0x00001b28   0x00000030   Code   RO         5049    i.OSStart           os_core.o
    0x00001b58   0x00000002   Code   RO         5354    i.OSTCBInitHook     os_cpu_c.o
    0x00001b5a   0x00000002   PAD
    0x00001b5c   0x00000088   Code   RO         5264    i.OSTaskCreate      os_task.o
    0x00001be4   0x00000094   Code   RO         5265    i.OSTaskCreateExt   os_task.o
    0x00001c78   0x00000002   Code   RO         5355    i.OSTaskCreateHook  os_cpu_c.o
    0x00001c7a   0x00000002   PAD
    0x00001c7c   0x0000012c   Code   RO         5266    i.OSTaskDel         os_task.o
    0x00001da8   0x00000002   Code   RO         5356    i.OSTaskDelHook     os_cpu_c.o
    0x00001daa   0x00000002   Code   RO         5357    i.OSTaskIdleHook    os_cpu_c.o
    0x00001dac   0x00000078   Code   RO         5269    i.OSTaskNameSet     os_task.o
    0x00001e24   0x00000074   Code   RO         5359    i.OSTaskStkInit     os_cpu_c.o
    0x00001e98   0x00000002   Code   RO         5360    i.OSTaskSwHook      os_cpu_c.o
    0x00001e9a   0x00000002   PAD
    0x00001e9c   0x0000005c   Code   RO         5306    i.OSTimeDly         os_time.o
    0x00001ef8   0x000000a4   Code   RO         5050    i.OSTimeTick        os_core.o
    0x00001f9c   0x00000002   Code   RO         5361    i.OSTimeTickHook    os_cpu_c.o
    0x00001f9e   0x00000002   Code   RO         5052    i.OS_Dummy          os_core.o
    0x00001fa0   0x00000064   Code   RO         5053    i.OS_EventTaskRdy   os_core.o
    0x00002004   0x00000020   Code   RO         5054    i.OS_EventTaskRemove  os_core.o
    0x00002024   0x00000048   Code   RO         5055    i.OS_EventTaskWait  os_core.o
    0x0000206c   0x00000016   Code   RO         5056    i.OS_EventWaitListInit  os_core.o
    0x00002082   0x00000012   Code   RO         5057    i.OS_MemClr         os_core.o
    0x00002094   0x00000048   Code   RO         5059    i.OS_Sched          os_core.o
    0x000020dc   0x00000020   Code   RO         5060    i.OS_SchedNew       os_core.o
    0x000020fc   0x0000001c   Code   RO         5061    i.OS_StrCopy        os_core.o
    0x00002118   0x00000014   Code   RO         5062    i.OS_StrLen         os_core.o
    0x0000212c   0x000000d4   Code   RO         5063    i.OS_TCBInit        os_core.o
    0x00002200   0x0000001c   Code   RO         5064    i.OS_TaskIdle       os_core.o
    0x0000221c   0x00000002   Code   RO         5363    i.OS_TaskReturn     os_cpu_c.o
    0x0000221e   0x00000002   PAD
    0x00002220   0x00000030   Code   RO         6315    i.Onbed_Init        onbed.o
    0x00002250   0x00000030   Code   RO         6062    i.Piss_Init         piss.o
    0x00002280   0x00000038   Code   RO         6245    i.Quilt_Init        quit.o
    0x000022b8   0x0000001c   Code   RO         5887    i.RICheckSum        wmri.o
    0x000022d4   0x0000006c   Code   RO         5889    i.RICreateCmdHeader  wmri.o
    0x00002340   0x00000044   Code   RO         5890    i.RICreateDataHeader  wmri.o
    0x00002384   0x00000024   Code   RO         5892    i.RIGetWlanStatus   wmri.o
    0x000023a8   0x00000024   Code   RO         5893    i.RIResetDevice     wmri.o
    0x000023cc   0x00000024   Code   RO         5894    i.RISaveParam       wmri.o
    0x000023f0   0x0000005c   Code   RO         5896    i.RISetKey          wmri.o
    0x0000244c   0x00000064   Code   RO         5897    i.RISetNip          wmri.o
    0x000024b0   0x00000046   Code   RO         5899    i.RISetSSID         wmri.o
    0x000024f6   0x0000002c   Code   RO         5900    i.RISetWlanType     wmri.o
    0x00002522   0x0000002c   Code   RO         5901    i.RISocketClose     wmri.o
    0x0000254e   0x0000005e   Code   RO         5902    i.RISocketCreate    wmri.o
    0x000025ac   0x0000003a   Code   RO         5903    i.RISocketTCPSend   wmri.o
    0x000025e6   0x00000024   Code   RO         5904    i.RIWlanJoin        wmri.o
    0x0000260a   0x00000002   PAD
    0x0000260c   0x0000002c   Code   RO         3453    i.RSTCU_PeripReset  ht32f1655_56_rstcu.o
    0x00002638   0x0000002e   Code   RO          840    i.Read_FromBuff     system.o
    0x00002666   0x00000002   PAD
    0x00002668   0x00000020   Code   RO         6167    i.Rock_Control      rock.o
    0x00002688   0x00000070   Code   RO         6169    i.Rock_Init         rock.o
    0x000026f8   0x00000038   Code   RO         6170    i.Rock_One          rock.o
    0x00002730   0x0000001c   Code   RO         6172    i.Rock_Stop         rock.o
    0x0000274c   0x0000001c   Code   RO         6174    i.Rocking           rock.o
    0x00002768   0x00000018   Code   RO         5800    i.SPINSS            spi.o
    0x00002780   0x0000006c   Code   RO         5801    i.SPIReadWriteByte  spi.o
    0x000027ec   0x000000b4   Code   RO         5803    i.SPITxCmd          spi.o
    0x000028a0   0x0000008e   Code   RO         5804    i.SPITxData         spi.o
    0x0000292e   0x00000002   Code   RO          300    i.SVC_Handler       ht32f165x_it.o
    0x00002930   0x00000018   Code   RO         1066    i.SYSTICK_ClockSourceConfig  ht32_cm3_misc.o
    0x00002948   0x00000020   Code   RO         1067    i.SYSTICK_CounterCmd  ht32_cm3_misc.o
    0x00002968   0x00000018   Code   RO         1068    i.SYSTICK_IntConfig  ht32_cm3_misc.o
    0x00002980   0x00000008   Code   RO         1069    i.SYSTICK_SetReloadValue  ht32_cm3_misc.o
    0x00002988   0x00000026   Code   RO          841    i.Save_ToBuffer     system.o
    0x000029ae   0x00000002   PAD
    0x000029b0   0x00000024   Code   RO          842    i.Set_Buff          system.o
    0x000029d4   0x0000005c   Code   RO         5906    i.StringToIpaddr    wmri.o
    0x00002a30   0x00000012   Code   RO          301    i.SysTick_Handler   ht32f165x_it.o
    0x00002a42   0x00000002   PAD
    0x00002a44   0x0000005c   Code   RO          938    i.SystemInit        system_ht32f165x.o
    0x00002aa0   0x0000002c   Code   RO          529    i.Task_DealData     tasks.o
    0x00002acc   0x00000020   Code   RO          530    i.Task_DealRock     tasks.o
    0x00002aec   0x00000034   Code   RO          531    i.Task_RecvData     tasks.o
    0x00002b20   0x0000004c   Code   RO         5455    i.Temperature_Init  gy-mcu90615.o
    0x00002b6c   0x0000000a   Code   RO         3912    i.USART_GetLineStatus  ht32f1655_56_usart.o
    0x00002b76   0x00000034   Code   RO         3915    i.USART_Init        ht32f1655_56_usart.o
    0x00002baa   0x00000006   Code   RO         3926    i.USART_ReceiveData  ht32f1655_56_usart.o
    0x00002bb0   0x00000014   Code   RO         3927    i.USART_RxCmd       ht32f1655_56_usart.o
    0x00002bc4   0x00000004   Code   RO         3929    i.USART_SendData    ht32f1655_56_usart.o
    0x00002bc8   0x00000014   Code   RO         3941    i.USART_TxCmd       ht32f1655_56_usart.o
    0x00002bdc   0x000001ae   Code   RO          981    i.USBDCore_IRQHandler  ht32_usbd_core.o
    0x00002d8a   0x00000002   PAD
    0x00002d8c   0x0000000c   Code   RO         4149    i.USBD_ClearINT     ht32f1655_56_usbd.o
    0x00002d98   0x0000000c   Code   RO         4152    i.USBD_DeInit       ht32f1655_56_usbd.o
    0x00002da4   0x00000010   Code   RO         4154    i.USBD_EPTClearDTG  ht32f1655_56_usbd.o
    0x00002db4   0x00000010   Code   RO         4155    i.USBD_EPTClearHalt  ht32f1655_56_usbd.o
    0x00002dc4   0x0000000c   Code   RO         4156    i.USBD_EPTClearINT  ht32f1655_56_usbd.o
    0x00002dd0   0x00000018   Code   RO         4158    i.USBD_EPTGetBuffer0Addr  ht32f1655_56_usbd.o
    0x00002de8   0x00000024   Code   RO         4159    i.USBD_EPTGetBuffer1Addr  ht32f1655_56_usbd.o
    0x00002e0c   0x0000000e   Code   RO         4160    i.USBD_EPTGetBufferLen  ht32f1655_56_usbd.o
    0x00002e1a   0x0000001a   Code   RO         4161    i.USBD_EPTGetHalt   ht32f1655_56_usbd.o
    0x00002e34   0x0000000e   Code   RO         4162    i.USBD_EPTGetINT    ht32f1655_56_usbd.o
    0x00002e42   0x00000012   Code   RO         4163    i.USBD_EPTGetTransferCount  ht32f1655_56_usbd.o
    0x00002e54   0x00000026   Code   RO         4164    i.USBD_EPTInit      ht32f1655_56_usbd.o
    0x00002e7a   0x0000003a   Code   RO         4165    i.USBD_EPTReadMemory  ht32f1655_56_usbd.o
    0x00002eb4   0x00000030   Code   RO         4166    i.USBD_EPTReadOUTData  ht32f1655_56_usbd.o
    0x00002ee4   0x00000010   Code   RO         4167    i.USBD_EPTReset     ht32f1655_56_usbd.o
    0x00002ef4   0x0000000c   Code   RO         4168    i.USBD_EPTSendSTALL  ht32f1655_56_usbd.o
    0x00002f00   0x00000014   Code   RO         4169    i.USBD_EPTSetHalt   ht32f1655_56_usbd.o
    0x00002f14   0x00000048   Code   RO         4171    i.USBD_EPTWriteINData  ht32f1655_56_usbd.o
    0x00002f5c   0x00000010   Code   RO         4172    i.USBD_EnableINT    ht32f1655_56_usbd.o
    0x00002f6c   0x00000020   Code   RO         4173    i.USBD_GetEPTnINTNumber  ht32f1655_56_usbd.o
    0x00002f8c   0x00000010   Code   RO         4174    i.USBD_GetINT       ht32f1655_56_usbd.o
    0x00002f9c   0x00000010   Code   RO         4176    i.USBD_PowerOff     ht32f1655_56_usbd.o
    0x00002fac   0x00000010   Code   RO         4177    i.USBD_PowerOn      ht32f1655_56_usbd.o
    0x00002fbc   0x00000010   Code   RO         4180    i.USBD_ReadSETUPData  ht32f1655_56_usbd.o
    0x00002fcc   0x00000014   Code   RO         4183    i.USBD_SetAddress   ht32f1655_56_usbd.o
    0x00002fe0   0x0000000c   Code   RO         4564    i.USB_IRQHandler    ht32_serial.o
    0x00002fec   0x00000002   Code   RO          302    i.UsageFault_Handler  ht32f165x_it.o
    0x00002fee   0x00000002   PAD
    0x00002ff0   0x00000038   Code   RO         5727    i.Voice_Init        cry-voice.o
    0x00003028   0x0000002c   Code   RO          843    i.Wait_GrobalBuff   system.o
    0x00003054   0x00000010   Code   RO         5625    i.Wifi_CloseSocket  spi-wifi.o
    0x00003064   0x0000000c   Code   RO         5626    i.Wifi_Connect      spi-wifi.o
    0x00003070   0x00000060   Code   RO         5627    i.Wifi_ConnectSocket  spi-wifi.o
    0x000030d0   0x00000004   Code   RO         5628    i.Wifi_ForceReset   spi-wifi.o
    0x000030d4   0x00000040   Code   RO         5629    i.Wifi_Init         spi-wifi.o
    0x00003114   0x00000074   Code   RO         5630    i.Wifi_Login        spi-wifi.o
    0x00003188   0x00000034   Code   RO         5631    i.Wifi_Recv         spi-wifi.o
    0x000031bc   0x00000028   Code   RO         5632    i.Wifi_Send         spi-wifi.o
    0x000031e4   0x00000020   Code   RO         5633    i.Wifi_SetPasswd    spi-wifi.o
    0x00003204   0x00000020   Code   RO         5634    i.Wifi_SetSsid      spi-wifi.o
    0x00003224   0x00000078   Code   RO         5635    i.Wifi_TCP_Server   spi-wifi.o
    0x0000329c   0x00000040   Code   RO         4651    i._HT32F_DVB_ClockConfig  ht32_board.o
    0x000032dc   0x00000042   Code   RO          986    i._USBDCore_ControlIN  ht32_usbd_core.o
    0x0000331e   0x00000036   Code   RO          987    i._USBDCore_Standard_GetStatus  ht32_usbd_core.o
    0x00003354   0x0000011c   Code   RO          988    i._USBDCore_Standard_Request  ht32_usbd_core.o
    0x00003470   0x0000004a   Code   RO          989    i._USBDCore_Standard_SetClearFeature  ht32_usbd_core.o
    0x000034ba   0x00000010   Code   RO         4184    i._USBD_CopyMemory  ht32f1655_56_usbd.o
    0x000034ca   0x00000002   PAD
    0x000034cc   0x00000010   Code   RO         4185    i._USBD_GetEPTnAddr  ht32f1655_56_usbd.o
    0x000034dc   0x00000020   Code   RO         6561    i.__0printf$8       mc_w.l(printf8.o)
    0x000034fc   0x0000000e   Code   RO         6723    i.__scatterload_copy  mc_w.l(handlers.o)
    0x0000350a   0x00000002   Code   RO         6724    i.__scatterload_null  mc_w.l(handlers.o)
    0x0000350c   0x0000000e   Code   RO         6725    i.__scatterload_zeroinit  mc_w.l(handlers.o)
    0x0000351a   0x00000002   PAD
    0x0000351c   0x00000408   Code   RO         6568    i._printf_core      mc_w.l(printf8.o)
    0x00003924   0x00000026   Code   RO         6569    i._printf_post_padding  mc_w.l(printf8.o)
    0x0000394a   0x00000030   Code   RO         6570    i._printf_pre_padding  mc_w.l(printf8.o)
    0x0000397a   0x00000002   PAD
    0x0000397c   0x00000058   Code   RO          729    i.auto_Contrl       bed_client.o
    0x000039d4   0x00000134   Code   RO          730    i.bed_client        bed_client.o
    0x00003b08   0x00000080   Code   RO         5457    i.check             gy-mcu90615.o
    0x00003b88   0x00000044   Code   RO          731    i.check_mac         bed_client.o
    0x00003bcc   0x00000018   Code   RO          844    i.clear_grobalBuff  system.o
    0x00003be4   0x0000004c   Code   RO          732    i.client_Init       bed_client.o
    0x00003c30   0x00000054   Code   RO          845    i.cpyfrombuf        system.o
    0x00003c84   0x00000054   Code   RO          846    i.cpytobuf          system.o
    0x00003cd8   0x0000017c   Code   RO         6095    i.deal_Cmd          my_spi_wifi_api.o
    0x00003e54   0x00000012   Code   RO         6096    i.deal_Data         my_spi_wifi_api.o
    0x00003e66   0x00000006   Code   RO          616    i.delay_ms          delay.o
    0x00003e6c   0x00000014   Code   RO          617    i.delay_us          delay.o
    0x00003e80   0x00000010   Code   RO         5458    i.diff_temp         gy-mcu90615.o
    0x00003e90   0x00000012   Code   RO          570    i.fputc             uart1.o
    0x00003ea2   0x00000002   PAD
    0x00003ea4   0x0000001c   Code   RO          646    i.getReadStatu      sem.o
    0x00003ec0   0x0000002a   Code   RO         6097    i.get_RecDataLen    my_spi_wifi_api.o
    0x00003eea   0x00000002   PAD
    0x00003eec   0x0000001c   Code   RO          647    i.get_RecvBuff      sem.o
    0x00003f08   0x0000002a   Code   RO         6098    i.get_WifiStatu     my_spi_wifi_api.o
    0x00003f32   0x00000002   PAD
    0x00003f34   0x0000000c   Code   RO          648    i.get_WlanSem       sem.o
    0x00003f40   0x0000001c   Code   RO          733    i.get_command_from_server  bed_client.o
    0x00003f5c   0x00000004   Code   RO          734    i.get_data_packet   bed_client.o
    0x00003f60   0x0000001c   Code   RO          735    i.get_mac           bed_client.o
    0x00003f7c   0x0000003c   Code   RO         5460    i.is_legal          gy-mcu90615.o
    0x00003fb8   0x0000001c   Code   RO         5461    i.is_onbed          gy-mcu90615.o
    0x00003fd4   0x00000012   Code   RO          487    i.led_init          led.o
    0x00003fe6   0x00000014   Code   RO          488    i.led_off           led.o
    0x00003ffa   0x00000014   Code   RO          489    i.led_on            led.o
    0x0000400e   0x00000028   Code   RO          649    i.lock_sem          sem.o
    0x00004036   0x00000002   PAD
    0x00004038   0x00000050   Code   RO            9    i.main              main.o
    0x00004088   0x0000002c   Code   RO         5568    i.music_pause       risym-mp3.o
    0x000040b4   0x0000001c   Code   RO          650    i.put_RecvBuff      sem.o
    0x000040d0   0x0000000c   Code   RO          651    i.put_WlanSem       sem.o
    0x000040dc   0x00000008   Code   RO          848    i.read              system.o
    0x000040e4   0x0000005a   Code   RO         6099    i.read_Data         my_spi_wifi_api.o
    0x0000413e   0x00000032   Code   RO          571    i.read_data         uart1.o
    0x00004170   0x000000e8   Code   RO         5462    i.read_temperature  gy-mcu90615.o
    0x00004258   0x00000024   Code   RO          849    i.refresh_BuffState  system.o
    0x0000427c   0x00000034   Code   RO          652    i.run_led           sem.o
    0x000042b0   0x00000006   Code   RO          851    i.send              system.o
    0x000042b6   0x00000022   Code   RO          736    i.send_bed_data     bed_client.o
    0x000042d8   0x00000014   Code   RO          737    i.send_command_to_server  bed_client.o
    0x000042ec   0x00000026   Code   RO          572    i.send_data         uart1.o
    0x00004312   0x00000002   PAD
    0x00004314   0x00000074   Code   RO          738    i.send_device_mac_type  bed_client.o
    0x00004388   0x0000001c   Code   RO          653    i.setReadStatu      sem.o
    0x000043a4   0x00000030   Code   RO         6175    i.set_Rock          rock.o
    0x000043d4   0x00000094   Code   RO          739    i.set_data_packet   bed_client.o
    0x00004468   0x0000006c   Code   RO         5569    i.set_volume        risym-mp3.o
    0x000044d4   0x00000004   Code   RO          740    i.socket_create     bed_client.o
    0x000044d8   0x00000098   Code   RO         5805    i.spiCfg_moni       spi.o
    0x00004570   0x00000018   Code   RO         5806    i.spiInit           spi.o
    0x00004588   0x00000068   Code   RO           10    i.startup_task      main.o
    0x000045f0   0x00000018   Code   RO          852    i.system_Init       system.o
    0x00004608   0x00000034   Code   RO          654    i.task_sem_init     sem.o
    0x0000463c   0x00000078   Code   RO          573    i.uart1_init        uart1.o
    0x000046b4   0x0000001a   Code   RO          741    i.wait_respone      bed_client.o
    0x000046ce   0x00000002   PAD
    0x000046d0   0x00000006   Data   RO          743    .constdata          bed_client.o
    0x000046d6   0x00000002   PAD
    0x000046d8   0x00000050   Data   RO         4652    .constdata          ht32_board.o
    0x00004728   0x00000100   Data   RO         5066    .constdata          os_core.o
    0x00004828   0x00000040   Data   RO         6719    .constdata          mc_w.l(ctype_c.o)
    0x00004868   0x00000020   Data   RO         6721    Region$$Table       anon$$obj.o


    Execution Region ER_RW (Base: 0x20000000, Size: 0x0000008c, Max: 0xffffffff, ABSOLUTE)

    Base Addr    Size         Type   Attr      Idx    E Section Name        Object

    0x20000000   0x00000018   Data   RW          656    .data               sem.o
    0x20000018   0x00000018   Data   RW          744    .data               bed_client.o
    0x20000030   0x00000004   Data   RW         4503    .data               ht32_retarget.o
    0x20000034   0x0000002c   Data   RW         5067    .data               os_core.o
    0x20000060   0x00000008   Data   RW         5463    .data               gy-mcu90615.o
    0x20000068   0x00000003   Data   RW         5570    .data               risym-mp3.o
    0x2000006b   0x00000001   PAD
    0x2000006c   0x0000000c   Data   RW         5638    .data               spi-wifi.o
    0x20000078   0x00000001   Data   RW         5728    .data               cry-voice.o
    0x20000079   0x00000001   Data   RW         5761    .data               fan.o
    0x2000007a   0x00000002   Data   RW         5910    .data               wmri.o
    0x2000007c   0x00000003   Data   RW         6100    .data               my_spi_wifi_api.o
    0x2000007f   0x00000001   PAD
    0x20000080   0x00000008   Data   RW         6176    .data               rock.o
    0x20000088   0x00000001   Data   RW         6246    .data               quit.o
    0x20000089   0x00000001   Data   RW         6279    .data               milk.o


    Execution Region ER_ZI (Base: 0x2000008c, Size: 0x0000161c, Max: 0xffffffff, ABSOLUTE)

    Base Addr    Size         Type   Attr      Idx    E Section Name        Object

    0x2000008c   0x00000608   Zero   RW           12    .bss                main.o
    0x20000694   0x00000014   Zero   RW          742    .bss                bed_client.o
    0x200006a8   0x00000074   Zero   RW          853    .bss                system.o
    0x2000071c   0x000002d4   Zero   RW         4565    .bss                ht32_serial.o
    0x200009f0   0x00000a50   Zero   RW         5065    .bss                os_core.o
    0x20001440   0x00000064   Zero   RW         5637    .bss                spi-wifi.o
    0x200014a4   0x00000004   PAD
    0x200014a8   0x00000200   Zero   RW          970    STACK               startup_ht32f165x.o


==============================================================================

Image component sizes


      Code (inc. data)   RO Data    RW Data    ZI Data      Debug   Object Name

      1148        290          6         24         20       8997   bed_client.o
       112         16          0          1          0       1313   cry-voice.o
        26          0          0          0          0        874   delay.o
       112         22          0          1          0       1973   fan.o
       596         60          0          8          0       7808   gy-mcu90615.o
       208         18         80          0          0       9444   ht32_board.o
       108          8          0          0          0       2880   ht32_cm3_misc.o
         0          0          0          4          0       1974   ht32_retarget.o
        12          6          0          0        724       3543   ht32_serial.o
       908          0          0          0          0       5866   ht32_usbd_core.o
       200         24          0          0          0      10516   ht32f1655_56_ckcu.o
        72         14          0          0          0       4570   ht32f1655_56_exti.o
       252         12          0          0          0       9913   ht32f1655_56_gpio.o
        44          4          0          0          0       2127   ht32f1655_56_rstcu.o
       112          0          0          0          0      11228   ht32f1655_56_usart.o
       628         52          0          0          0      17347   ht32f1655_56_usbd.o
        70          0          0          0          0      44866   ht32f165x_it.o
        58          0          0          0          0       1674   led.o
       490         54          0          0       1544      69912   main.o
        64         16          0          1          0       1520   milk.o
       756        208          0          3          0       5898   my_spi_wifi_api.o
        48          6          0          0          0        473   onbed.o
      1230        112        256         44       2640      18597   os_core.o
       164         32          0          0          0        324   os_cpu_a.o
       134          4          0          0          0      13849   os_cpu_c.o
       334         22          0          0          0       2334   os_sem.o
       704         76          0          0          0       3541   os_task.o
        92         18          0          0          0        608   os_time.o
       112         10          0          0          0       1113   piss.o
       116         14          0          1          0       1311   quit.o
       588         64          0          3          0       4006   risym-mp3.o
       316         44          0          8          0       3937   rock.o
       280         38          0         24          0       5061   sem.o
       584        150          0         12        100       6595   spi-wifi.o
       710         68          0          0          0       7409   spi.o
       376        348          0          0        512        752   startup_ht32f165x.o
       466         38          0          0        116       6865   system.o
        92         14          0          0          0        489   system_ht32f165x.o
       128         36          0          0          0       1376   tasks.o
       226          4          0          0          0       2533   uart1.o
      1000         44          0          2          0      15333   wmri.o

    ----------------------------------------------------------------------
     13720       1946        376        140       5660     320749   Object Totals
         0          0         32          0          0          0   (incl. Generated)
        44          0          2          4          4          0   (incl. Padding)

    ----------------------------------------------------------------------

      Code (inc. data)   RO Data    RW Data    ZI Data      Debug   Library Member Name

        56          8          0          0          0         84   __0sscanf.o
        28          0          0          0          0         68   _chval.o
       812          6          0          0          0        112   _scanf.o
       336          0          0          0          0         96   _scanf_int.o
       218          0          0          0          0         96   _scanf_str.o
        64          0          0          0          0         84   _sgetc.o
        40          6         64          0          0         68   ctype_c.o
         0          0          0          0          0          0   entry.o
         0          0          0          0          0          0   entry10a.o
         0          0          0          0          0          0   entry11a.o
         8          4          0          0          0          0   entry2.o
         4          0          0          0          0          0   entry5.o
         0          0          0          0          0          0   entry7b.o
         0          0          0          0          0          0   entry8b.o
         8          4          0          0          0          0   entry9a.o
        30          0          0          0          0          0   handlers.o
        36          8          0          0          0         68   init.o
        10          0          0          0          0         68   isspace_c.o
         0          0          0          0          0          0   iusefp.o
        30          0          0          0          0         68   llshl.o
        36          0          0          0          0         68   llsshr.o
        32          0          0          0          0         68   llushr.o
        36          0          0          0          0         68   memcpya.o
        36          0          0          0          0        108   memseta.o
      1150         54          0          0          0        352   printf8.o
        40          8          0          0          0         84   scanf_char.o
        18          0          0          0          0         68   strcpy.o
        14          0          0          0          0         68   strlen.o
        98          0          0          0          0         92   uldiv.o
        56          0          0          0          0         88   d2f.o
       334          0          0          0          0        148   dadd.o
       190          0          0          0          0        176   depilogue.o
       228          0          0          0          0         96   dmul.o
        38          0          0          0          0         68   f2d.o
       128          0          0          0          0         88   fdiv.o
       108          0          0          0          0        168   fepilogue.o
        50          0          0          0          0         68   ffixi.o
        18          0          0          0          0         68   fflti.o
       108          0          0          0          0         76   fmul.o

    ----------------------------------------------------------------------
      4408         98         64          0          0       2832   Library Totals
        10          0          0          0          0          0   (incl. Padding)

    ----------------------------------------------------------------------

      Code (inc. data)   RO Data    RW Data    ZI Data      Debug   Library Name

      3140         98         64          0          0       1788   mc_w.l
      1258          0          0          0          0       1044   mf_w.l

    ----------------------------------------------------------------------
      4408         98         64          0          0       2832   Library Totals

    ----------------------------------------------------------------------

==============================================================================


      Code (inc. data)   RO Data    RW Data    ZI Data      Debug   

     18128       2044        440        140       5660     309593   Grand Totals
     18128       2044        440        140       5660     309593   ELF Image Totals
     18128       2044        440        140          0          0   ROM Totals

==============================================================================

    Total RO  Size (Code + RO Data)                18568 (  18.13kB)
    Total RW  Size (RW Data + ZI Data)              5800 (   5.66kB)
    Total ROM Size (Code + RO Data + RW Data)      18708 (  18.27kB)

==============================================================================

